<?xml version="1.0" encoding="ISO-8859-1" ?>
<link_info>
   <banner>TI ARM Linker PC v20.2.5.LTS</banner>
   <copyright>Copyright (c) 1996-2018 Texas Instruments Incorporated</copyright>
   <link_time>0x61be7631</link_time>
   <link_errors>0x0</link_errors>
   <output_file>gpiointerrupt_CC3220S_LAUNCHXL_nortos_ccs.out</output_file>
   <entry_point>
      <name>resetISR</name>
      <address>0x20011dcd</address>
   </entry_point>
   <input_file_list>
      <input_file id="fl-2">
         <path>.\</path>
         <kind>object</kind>
         <file>gpiointerrupt.obj</file>
         <name>gpiointerrupt.obj</name>
      </input_file>
      <input_file id="fl-3">
         <path>.\syscfg\</path>
         <kind>object</kind>
         <file>ti_drivers_config.obj</file>
         <name>ti_drivers_config.obj</name>
      </input_file>
      <input_file id="fl-4">
         <path>.\</path>
         <kind>object</kind>
         <file>main_nortos.obj</file>
         <name>main_nortos.obj</name>
      </input_file>
      <input_file id="fl-d">
         <kind>object</kind>
         <file>&lt;internal&gt;</file>
         <name>&lt;internal&gt;</name>
      </input_file>
      <input_file id="fl-e">
         <path>C:\ti\simplelink_cc32xx_sdk_5_30_00_08\source\ti\drivers\lib\ccs\m4\</path>
         <kind>archive</kind>
         <file>drivers_cc32xx.a</file>
         <name>GPIO.oem4</name>
      </input_file>
      <input_file id="fl-f">
         <path>C:\ti\simplelink_cc32xx_sdk_5_30_00_08\source\ti\drivers\lib\ccs\m4\</path>
         <kind>archive</kind>
         <file>drivers_cc32xx.a</file>
         <name>I2C.oem4</name>
      </input_file>
      <input_file id="fl-10">
         <path>C:\ti\simplelink_cc32xx_sdk_5_30_00_08\source\ti\drivers\lib\ccs\m4\</path>
         <kind>archive</kind>
         <file>drivers_cc32xx.a</file>
         <name>Timer.oem4</name>
      </input_file>
      <input_file id="fl-11">
         <path>C:\ti\simplelink_cc32xx_sdk_5_30_00_08\source\ti\drivers\lib\ccs\m4\</path>
         <kind>archive</kind>
         <file>drivers_cc32xx.a</file>
         <name>UART.oem4</name>
      </input_file>
      <input_file id="fl-12">
         <path>C:\ti\simplelink_cc32xx_sdk_5_30_00_08\source\ti\drivers\lib\ccs\m4\</path>
         <kind>archive</kind>
         <file>drivers_cc32xx.a</file>
         <name>GPIOCC32XX.oem4</name>
      </input_file>
      <input_file id="fl-13">
         <path>C:\ti\simplelink_cc32xx_sdk_5_30_00_08\source\ti\drivers\lib\ccs\m4\</path>
         <kind>archive</kind>
         <file>drivers_cc32xx.a</file>
         <name>I2CCC32XX.oem4</name>
      </input_file>
      <input_file id="fl-14">
         <path>C:\ti\simplelink_cc32xx_sdk_5_30_00_08\source\ti\drivers\lib\ccs\m4\</path>
         <kind>archive</kind>
         <file>drivers_cc32xx.a</file>
         <name>PowerCC32XX.oem4</name>
      </input_file>
      <input_file id="fl-15">
         <path>C:\ti\simplelink_cc32xx_sdk_5_30_00_08\source\ti\drivers\lib\ccs\m4\</path>
         <kind>archive</kind>
         <file>drivers_cc32xx.a</file>
         <name>PowerCC32XX_asm.oem4</name>
      </input_file>
      <input_file id="fl-16">
         <path>C:\ti\simplelink_cc32xx_sdk_5_30_00_08\source\ti\drivers\lib\ccs\m4\</path>
         <kind>archive</kind>
         <file>drivers_cc32xx.a</file>
         <name>TimerCC32XX.oem4</name>
      </input_file>
      <input_file id="fl-17">
         <path>C:\ti\simplelink_cc32xx_sdk_5_30_00_08\source\ti\drivers\lib\ccs\m4\</path>
         <kind>archive</kind>
         <file>drivers_cc32xx.a</file>
         <name>UARTCC32XX.oem4</name>
      </input_file>
      <input_file id="fl-18">
         <path>C:\ti\simplelink_cc32xx_sdk_5_30_00_08\source\ti\drivers\lib\ccs\m4\</path>
         <kind>archive</kind>
         <file>drivers_cc32xx.a</file>
         <name>List.oem4</name>
      </input_file>
      <input_file id="fl-19">
         <path>C:\ti\simplelink_cc32xx_sdk_5_30_00_08\source\ti\drivers\lib\ccs\m4\</path>
         <kind>archive</kind>
         <file>drivers_cc32xx.a</file>
         <name>RingBuf.oem4</name>
      </input_file>
      <input_file id="fl-1a">
         <path>C:\ti\simplelink_cc32xx_sdk_5_30_00_08\kernel\nortos\lib\ccs\m4\</path>
         <kind>archive</kind>
         <file>nortos_cc32xx.a</file>
         <name>NoRTOS.oem4</name>
      </input_file>
      <input_file id="fl-1b">
         <path>C:\ti\simplelink_cc32xx_sdk_5_30_00_08\kernel\nortos\lib\ccs\m4\</path>
         <kind>archive</kind>
         <file>nortos_cc32xx.a</file>
         <name>SemaphoreP_nortos.oem4</name>
      </input_file>
      <input_file id="fl-1c">
         <path>C:\ti\simplelink_cc32xx_sdk_5_30_00_08\kernel\nortos\lib\ccs\m4\</path>
         <kind>archive</kind>
         <file>nortos_cc32xx.a</file>
         <name>ClockPSysTick_nortos.oem4</name>
      </input_file>
      <input_file id="fl-1d">
         <path>C:\ti\simplelink_cc32xx_sdk_5_30_00_08\kernel\nortos\lib\ccs\m4\</path>
         <kind>archive</kind>
         <file>nortos_cc32xx.a</file>
         <name>HwiPCC32XX_nortos.oem4</name>
      </input_file>
      <input_file id="fl-1e">
         <path>C:\ti\simplelink_cc32xx_sdk_5_30_00_08\kernel\nortos\lib\ccs\m4\</path>
         <kind>archive</kind>
         <file>nortos_cc32xx.a</file>
         <name>PowerCC32XX_nortos.oem4</name>
      </input_file>
      <input_file id="fl-1f">
         <path>C:\ti\simplelink_cc32xx_sdk_5_30_00_08\kernel\nortos\lib\ccs\m4\</path>
         <kind>archive</kind>
         <file>nortos_cc32xx.a</file>
         <name>startup_cc32xx_ccs.oem4</name>
      </input_file>
      <input_file id="fl-20">
         <path>C:\ti\simplelink_cc32xx_sdk_5_30_00_08\kernel\nortos\lib\ccs\m4\</path>
         <kind>archive</kind>
         <file>nortos_cc32xx.a</file>
         <name>SwiP_nortos.oem4</name>
      </input_file>
      <input_file id="fl-21">
         <path>C:\ti\simplelink_cc32xx_sdk_5_30_00_08\kernel\nortos\lib\ccs\m4\</path>
         <kind>archive</kind>
         <file>nortos_cc32xx.a</file>
         <name>QueueP_nortos.oem4</name>
      </input_file>
      <input_file id="fl-22">
         <path>C:\ti\simplelink_cc32xx_sdk_5_30_00_08\source\ti\devices\cc32xx\driverlib\ccs\Release\</path>
         <kind>archive</kind>
         <file>driverlib.a</file>
         <name>cpu.obj</name>
      </input_file>
      <input_file id="fl-23">
         <path>C:\ti\simplelink_cc32xx_sdk_5_30_00_08\source\ti\devices\cc32xx\driverlib\ccs\Release\</path>
         <kind>archive</kind>
         <file>driverlib.a</file>
         <name>i2c.obj</name>
      </input_file>
      <input_file id="fl-24">
         <path>C:\ti\simplelink_cc32xx_sdk_5_30_00_08\source\ti\devices\cc32xx\driverlib\ccs\Release\</path>
         <kind>archive</kind>
         <file>driverlib.a</file>
         <name>interrupt.obj</name>
      </input_file>
      <input_file id="fl-25">
         <path>C:\ti\simplelink_cc32xx_sdk_5_30_00_08\source\ti\devices\cc32xx\driverlib\ccs\Release\</path>
         <kind>archive</kind>
         <file>driverlib.a</file>
         <name>pin.obj</name>
      </input_file>
      <input_file id="fl-26">
         <path>C:\ti\simplelink_cc32xx_sdk_5_30_00_08\source\ti\devices\cc32xx\driverlib\ccs\Release\</path>
         <kind>archive</kind>
         <file>driverlib.a</file>
         <name>prcm.obj</name>
      </input_file>
      <input_file id="fl-27">
         <path>C:\ti\simplelink_cc32xx_sdk_5_30_00_08\source\ti\devices\cc32xx\driverlib\ccs\Release\</path>
         <kind>archive</kind>
         <file>driverlib.a</file>
         <name>timer.obj</name>
      </input_file>
      <input_file id="fl-28">
         <path>C:\ti\simplelink_cc32xx_sdk_5_30_00_08\source\ti\devices\cc32xx\driverlib\ccs\Release\</path>
         <kind>archive</kind>
         <file>driverlib.a</file>
         <name>uart.obj</name>
      </input_file>
      <input_file id="fl-29">
         <path>C:\ti\simplelink_cc32xx_sdk_5_30_00_08\source\ti\devices\cc32xx\driverlib\ccs\Release\</path>
         <kind>archive</kind>
         <file>driverlib.a</file>
         <name>utils.obj</name>
      </input_file>
      <input_file id="fl-2a">
         <path>C:\ti\simplelink_cc32xx_sdk_5_30_00_08\source\ti\devices\cc32xx\driverlib\ccs\Release\</path>
         <kind>archive</kind>
         <file>driverlib.a</file>
         <name>flash.obj</name>
      </input_file>
      <input_file id="fl-e0">
         <path>C:\ti\ccs1040\ccs\tools\compiler\ti-cgt-arm_20.2.5.LTS\lib\</path>
         <kind>archive</kind>
         <file>rtsv7M4_T_le_eabi.lib</file>
         <name>snprintf.c.obj</name>
      </input_file>
      <input_file id="fl-e1">
         <path>C:\ti\ccs1040\ccs\tools\compiler\ti-cgt-arm_20.2.5.LTS\lib\</path>
         <kind>archive</kind>
         <file>rtsv7M4_T_le_eabi.lib</file>
         <name>fs_mul_t2.asm.obj</name>
      </input_file>
      <input_file id="fl-e2">
         <path>C:\ti\ccs1040\ccs\tools\compiler\ti-cgt-arm_20.2.5.LTS\lib\</path>
         <kind>archive</kind>
         <file>rtsv7M4_T_le_eabi.lib</file>
         <name>fs_toi_t2.asm.obj</name>
      </input_file>
      <input_file id="fl-e3">
         <path>C:\ti\ccs1040\ccs\tools\compiler\ti-cgt-arm_20.2.5.LTS\lib\</path>
         <kind>archive</kind>
         <file>rtsv7M4_T_le_eabi.lib</file>
         <name>i_tofs_t2.asm.obj</name>
      </input_file>
      <input_file id="fl-e4">
         <path>C:\ti\ccs1040\ccs\tools\compiler\ti-cgt-arm_20.2.5.LTS\lib\</path>
         <kind>archive</kind>
         <file>rtsv7M4_T_le_eabi.lib</file>
         <name>ll_mul_t2.asm.obj</name>
      </input_file>
      <input_file id="fl-e5">
         <path>C:\ti\ccs1040\ccs\tools\compiler\ti-cgt-arm_20.2.5.LTS\lib\</path>
         <kind>archive</kind>
         <file>rtsv7M4_T_le_eabi.lib</file>
         <name>memcpy_t2.asm.obj</name>
      </input_file>
      <input_file id="fl-e6">
         <path>C:\ti\ccs1040\ccs\tools\compiler\ti-cgt-arm_20.2.5.LTS\lib\</path>
         <kind>archive</kind>
         <file>rtsv7M4_T_le_eabi.lib</file>
         <name>ull_div_t2.asm.obj</name>
      </input_file>
      <input_file id="fl-e7">
         <path>C:\ti\ccs1040\ccs\tools\compiler\ti-cgt-arm_20.2.5.LTS\lib\</path>
         <kind>archive</kind>
         <file>rtsv7M4_T_le_eabi.lib</file>
         <name>copy_zero_init.c.obj</name>
      </input_file>
      <input_file id="fl-e8">
         <path>C:\ti\ccs1040\ccs\tools\compiler\ti-cgt-arm_20.2.5.LTS\lib\</path>
         <kind>archive</kind>
         <file>rtsv7M4_T_le_eabi.lib</file>
         <name>copy_decompress_none.c.obj</name>
      </input_file>
      <input_file id="fl-e9">
         <path>C:\ti\ccs1040\ccs\tools\compiler\ti-cgt-arm_20.2.5.LTS\lib\</path>
         <kind>archive</kind>
         <file>rtsv7M4_T_le_eabi.lib</file>
         <name>copy_decompress_lzss.c.obj</name>
      </input_file>
      <input_file id="fl-ea">
         <path>C:\ti\ccs1040\ccs\tools\compiler\ti-cgt-arm_20.2.5.LTS\lib\</path>
         <kind>archive</kind>
         <file>rtsv7M4_T_le_eabi.lib</file>
         <name>memory.c.obj</name>
      </input_file>
      <input_file id="fl-eb">
         <path>C:\ti\ccs1040\ccs\tools\compiler\ti-cgt-arm_20.2.5.LTS\lib\</path>
         <kind>archive</kind>
         <file>rtsv7M4_T_le_eabi.lib</file>
         <name>boot_cortex_m.c.obj</name>
      </input_file>
      <input_file id="fl-ec">
         <path>C:\ti\ccs1040\ccs\tools\compiler\ti-cgt-arm_20.2.5.LTS\lib\</path>
         <kind>archive</kind>
         <file>rtsv7M4_T_le_eabi.lib</file>
         <name>_printfi.c.obj</name>
      </input_file>
      <input_file id="fl-ed">
         <path>C:\ti\ccs1040\ccs\tools\compiler\ti-cgt-arm_20.2.5.LTS\lib\</path>
         <kind>archive</kind>
         <file>rtsv7M4_T_le_eabi.lib</file>
         <name>s_frexp.c.obj</name>
      </input_file>
      <input_file id="fl-ee">
         <path>C:\ti\ccs1040\ccs\tools\compiler\ti-cgt-arm_20.2.5.LTS\lib\</path>
         <kind>archive</kind>
         <file>rtsv7M4_T_le_eabi.lib</file>
         <name>s_scalbn.c.obj</name>
      </input_file>
      <input_file id="fl-ef">
         <path>C:\ti\ccs1040\ccs\tools\compiler\ti-cgt-arm_20.2.5.LTS\lib\</path>
         <kind>archive</kind>
         <file>rtsv7M4_T_le_eabi.lib</file>
         <name>wcslen.c.obj</name>
      </input_file>
      <input_file id="fl-f0">
         <path>C:\ti\ccs1040\ccs\tools\compiler\ti-cgt-arm_20.2.5.LTS\lib\</path>
         <kind>archive</kind>
         <file>rtsv7M4_T_le_eabi.lib</file>
         <name>div0.asm.obj</name>
      </input_file>
      <input_file id="fl-f1">
         <path>C:\ti\ccs1040\ccs\tools\compiler\ti-cgt-arm_20.2.5.LTS\lib\</path>
         <kind>archive</kind>
         <file>rtsv7M4_T_le_eabi.lib</file>
         <name>fd_add_t2.asm.obj</name>
      </input_file>
      <input_file id="fl-f2">
         <path>C:\ti\ccs1040\ccs\tools\compiler\ti-cgt-arm_20.2.5.LTS\lib\</path>
         <kind>archive</kind>
         <file>rtsv7M4_T_le_eabi.lib</file>
         <name>fd_cmp_t2.asm.obj</name>
      </input_file>
      <input_file id="fl-f3">
         <path>C:\ti\ccs1040\ccs\tools\compiler\ti-cgt-arm_20.2.5.LTS\lib\</path>
         <kind>archive</kind>
         <file>rtsv7M4_T_le_eabi.lib</file>
         <name>fd_div_t2.asm.obj</name>
      </input_file>
      <input_file id="fl-f4">
         <path>C:\ti\ccs1040\ccs\tools\compiler\ti-cgt-arm_20.2.5.LTS\lib\</path>
         <kind>archive</kind>
         <file>rtsv7M4_T_le_eabi.lib</file>
         <name>fd_mul_t2.asm.obj</name>
      </input_file>
      <input_file id="fl-f5">
         <path>C:\ti\ccs1040\ccs\tools\compiler\ti-cgt-arm_20.2.5.LTS\lib\</path>
         <kind>archive</kind>
         <file>rtsv7M4_T_le_eabi.lib</file>
         <name>fd_toi_t2.asm.obj</name>
      </input_file>
      <input_file id="fl-f6">
         <path>C:\ti\ccs1040\ccs\tools\compiler\ti-cgt-arm_20.2.5.LTS\lib\</path>
         <kind>archive</kind>
         <file>rtsv7M4_T_le_eabi.lib</file>
         <name>i_tofd_t2.asm.obj</name>
      </input_file>
      <input_file id="fl-f7">
         <path>C:\ti\ccs1040\ccs\tools\compiler\ti-cgt-arm_20.2.5.LTS\lib\</path>
         <kind>archive</kind>
         <file>rtsv7M4_T_le_eabi.lib</file>
         <name>memset_t2.asm.obj</name>
      </input_file>
      <input_file id="fl-f8">
         <path>C:\ti\ccs1040\ccs\tools\compiler\ti-cgt-arm_20.2.5.LTS\lib\</path>
         <kind>archive</kind>
         <file>rtsv7M4_T_le_eabi.lib</file>
         <name>autoinit.c.obj</name>
      </input_file>
      <input_file id="fl-f9">
         <path>C:\ti\ccs1040\ccs\tools\compiler\ti-cgt-arm_20.2.5.LTS\lib\</path>
         <kind>archive</kind>
         <file>rtsv7M4_T_le_eabi.lib</file>
         <name>pre_init.c.obj</name>
      </input_file>
      <input_file id="fl-fa">
         <path>C:\ti\ccs1040\ccs\tools\compiler\ti-cgt-arm_20.2.5.LTS\lib\</path>
         <kind>archive</kind>
         <file>rtsv7M4_T_le_eabi.lib</file>
         <name>cpy_tbl.c.obj</name>
      </input_file>
      <input_file id="fl-fb">
         <path>C:\ti\ccs1040\ccs\tools\compiler\ti-cgt-arm_20.2.5.LTS\lib\</path>
         <kind>archive</kind>
         <file>rtsv7M4_T_le_eabi.lib</file>
         <name>exit.c.obj</name>
      </input_file>
      <input_file id="fl-fc">
         <path>C:\ti\ccs1040\ccs\tools\compiler\ti-cgt-arm_20.2.5.LTS\lib\</path>
         <kind>archive</kind>
         <file>rtsv7M4_T_le_eabi.lib</file>
         <name>_lock.c.obj</name>
      </input_file>
      <input_file id="fl-fd">
         <path>C:\ti\ccs1040\ccs\tools\compiler\ti-cgt-arm_20.2.5.LTS\lib\</path>
         <kind>archive</kind>
         <file>rtsv7M4_T_le_eabi.lib</file>
         <name>_ltoa.c.obj</name>
      </input_file>
      <input_file id="fl-fe">
         <path>C:\ti\ccs1040\ccs\tools\compiler\ti-cgt-arm_20.2.5.LTS\lib\</path>
         <kind>archive</kind>
         <file>rtsv7M4_T_le_eabi.lib</file>
         <name>args_main.c.obj</name>
      </input_file>
      <input_file id="fl-ff">
         <path>C:\ti\ccs1040\ccs\tools\compiler\ti-cgt-arm_20.2.5.LTS\lib\</path>
         <kind>archive</kind>
         <file>rtsv7M4_T_le_eabi.lib</file>
         <name>atoi.c.obj</name>
      </input_file>
      <input_file id="fl-100">
         <path>C:\ti\ccs1040\ccs\tools\compiler\ti-cgt-arm_20.2.5.LTS\lib\</path>
         <kind>archive</kind>
         <file>rtsv7M4_T_le_eabi.lib</file>
         <name>ctype.c.obj</name>
      </input_file>
      <input_file id="fl-101">
         <path>C:\ti\ccs1040\ccs\tools\compiler\ti-cgt-arm_20.2.5.LTS\lib\</path>
         <kind>archive</kind>
         <file>rtsv7M4_T_le_eabi.lib</file>
         <name>memccpy.c.obj</name>
      </input_file>
      <input_file id="fl-102">
         <path>C:\ti\ccs1040\ccs\tools\compiler\ti-cgt-arm_20.2.5.LTS\lib\</path>
         <kind>archive</kind>
         <file>rtsv7M4_T_le_eabi.lib</file>
         <name>strchr.c.obj</name>
      </input_file>
      <input_file id="fl-103">
         <path>C:\ti\ccs1040\ccs\tools\compiler\ti-cgt-arm_20.2.5.LTS\lib\</path>
         <kind>archive</kind>
         <file>rtsv7M4_T_le_eabi.lib</file>
         <name>strlen.c.obj</name>
      </input_file>
      <input_file id="fl-104">
         <path>C:\ti\ccs1040\ccs\tools\compiler\ti-cgt-arm_20.2.5.LTS\lib\</path>
         <kind>archive</kind>
         <file>rtsv7M4_T_le_eabi.lib</file>
         <name>errno.c.obj</name>
      </input_file>
      <input_file id="fl-105">
         <path>C:\ti\ccs1040\ccs\tools\compiler\ti-cgt-arm_20.2.5.LTS\lib\</path>
         <kind>archive</kind>
         <file>rtsv7M4_T_le_eabi.lib</file>
         <name>s_copysign.c.obj</name>
      </input_file>
   </input_file_list>
   <object_component_list>
      <object_component id="oc-39b">
         <name>.text:__TI_printfi</name>
         <load_address>0x2000c040</load_address>
         <run_address>0x2000c040</run_address>
         <size>0xa4e</size>
         <input_file_ref idref="fl-ec"/>
      </object_component>
      <object_component id="oc-1ed">
         <name>.text:Board_initHook</name>
         <load_address>0x2000ca8e</load_address>
         <run_address>0x2000ca8e</run_address>
         <size>0x2</size>
         <input_file_ref idref="fl-3"/>
      </object_component>
      <object_component id="oc-1db">
         <name>.text:PRCMCC3200MCUInit</name>
         <load_address>0x2000ca90</load_address>
         <run_address>0x2000ca90</run_address>
         <size>0x42c</size>
         <input_file_ref idref="fl-26"/>
      </object_component>
      <object_component id="oc-815">
         <name>.text:UARTCC32XX_open</name>
         <load_address>0x2000cebc</load_address>
         <run_address>0x2000cebc</run_address>
         <size>0x288</size>
         <input_file_ref idref="fl-17"/>
      </object_component>
      <object_component id="oc-54a">
         <name>.text:_pconv_a</name>
         <load_address>0x2000d144</load_address>
         <run_address>0x2000d144</run_address>
         <size>0x268</size>
         <input_file_ref idref="fl-ec"/>
      </object_component>
      <object_component id="oc-538">
         <name>.text:_pconv_g</name>
         <load_address>0x2000d3ac</load_address>
         <run_address>0x2000d3ac</run_address>
         <size>0x1cc</size>
         <input_file_ref idref="fl-ec"/>
      </object_component>
      <object_component id="oc-1fb">
         <name>.text:initI2C</name>
         <load_address>0x2000d578</load_address>
         <run_address>0x2000d578</run_address>
         <size>0x1c8</size>
         <input_file_ref idref="fl-2"/>
      </object_component>
      <object_component id="oc-746">
         <name>.text</name>
         <load_address>0x2000d740</load_address>
         <run_address>0x2000d740</run_address>
         <size>0x1b6</size>
         <input_file_ref idref="fl-f1"/>
      </object_component>
      <object_component id="oc-321">
         <name>.text:I2C_init</name>
         <load_address>0x2000d8f6</load_address>
         <run_address>0x2000d8f6</run_address>
         <size>0x2</size>
         <input_file_ref idref="fl-f"/>
      </object_component>
      <object_component id="oc-401">
         <name>.text:PowerCC32XX_sleepPolicy</name>
         <load_address>0x2000d8f8</load_address>
         <run_address>0x2000d8f8</run_address>
         <size>0x19c</size>
         <input_file_ref idref="fl-1e"/>
      </object_component>
      <object_component id="oc-207">
         <name>.text:GPIO_setConfig</name>
         <load_address>0x2000da94</load_address>
         <run_address>0x2000da94</run_address>
         <size>0x154</size>
         <input_file_ref idref="fl-12"/>
      </object_component>
      <object_component id="oc-4a9">
         <name>.text:I2CCC32XX_hwiFxn</name>
         <load_address>0x2000dbe8</load_address>
         <run_address>0x2000dbe8</run_address>
         <size>0x148</size>
         <input_file_ref idref="fl-13"/>
      </object_component>
      <object_component id="oc-166">
         <name>.text:mainThread</name>
         <load_address>0x2000dd30</load_address>
         <run_address>0x2000dd30</run_address>
         <size>0x148</size>
         <input_file_ref idref="fl-2"/>
      </object_component>
      <object_component id="oc-7b6">
         <name>.text:parkPins</name>
         <load_address>0x2000de78</load_address>
         <run_address>0x2000de78</run_address>
         <size>0x148</size>
         <input_file_ref idref="fl-14"/>
      </object_component>
      <object_component id="oc-544">
         <name>.text:_pconv_e</name>
         <load_address>0x2000dfc0</load_address>
         <run_address>0x2000dfc0</run_address>
         <size>0x13c</size>
         <input_file_ref idref="fl-ec"/>
      </object_component>
      <object_component id="oc-5c0">
         <name>.text:Power_sleep</name>
         <load_address>0x2000e0fc</load_address>
         <run_address>0x2000e0fc</run_address>
         <size>0x138</size>
         <input_file_ref idref="fl-14"/>
      </object_component>
      <object_component id="oc-349">
         <name>.text:Timer_open</name>
         <load_address>0x2000e234</load_address>
         <run_address>0x2000e234</run_address>
         <size>0x138</size>
         <input_file_ref idref="fl-16"/>
      </object_component>
      <object_component id="oc-72c">
         <name>.text</name>
         <load_address>0x2000e36c</load_address>
         <run_address>0x2000e36c</run_address>
         <size>0x136</size>
         <input_file_ref idref="fl-f3"/>
      </object_component>
      <object_component id="oc-4b7">
         <name>.text:I2C_transferTimeout</name>
         <load_address>0x2000e4a2</load_address>
         <run_address>0x2000e4a2</run_address>
         <size>0x122</size>
         <input_file_ref idref="fl-f"/>
      </object_component>
      <object_component id="oc-803">
         <name>.text:UARTCC32XX_close</name>
         <load_address>0x2000e5c4</load_address>
         <run_address>0x2000e5c4</run_address>
         <size>0x120</size>
         <input_file_ref idref="fl-17"/>
      </object_component>
      <object_component id="oc-758">
         <name>.text:fcvt</name>
         <load_address>0x2000e6e4</load_address>
         <run_address>0x2000e6e4</run_address>
         <size>0x120</size>
         <input_file_ref idref="fl-ec"/>
      </object_component>
      <object_component id="oc-716">
         <name>.text:aligned_alloc</name>
         <load_address>0x2000e804</load_address>
         <run_address>0x2000e804</run_address>
         <size>0x100</size>
         <input_file_ref idref="fl-ea"/>
      </object_component>
      <object_component id="oc-32d">
         <name>.text:I2C_open</name>
         <load_address>0x2000e904</load_address>
         <run_address>0x2000e904</run_address>
         <size>0xfc</size>
         <input_file_ref idref="fl-13"/>
      </object_component>
      <object_component id="oc-727">
         <name>.text</name>
         <load_address>0x2000ea00</load_address>
         <run_address>0x2000ea00</run_address>
         <size>0xfc</size>
         <input_file_ref idref="fl-f4"/>
      </object_component>
      <object_component id="oc-809">
         <name>.text:UARTCC32XX_control</name>
         <load_address>0x2000eafc</load_address>
         <run_address>0x2000eafc</run_address>
         <size>0xf2</size>
         <input_file_ref idref="fl-17"/>
      </object_component>
      <object_component id="oc-3fb">
         <name>.text:PowerCC32XX_initPolicy</name>
         <load_address>0x2000ebee</load_address>
         <run_address>0x2000ebee</run_address>
         <size>0x2</size>
         <input_file_ref idref="fl-1e"/>
      </object_component>
      <object_component id="oc-21f">
         <name>.text:readTemp</name>
         <load_address>0x2000ebf0</load_address>
         <run_address>0x2000ebf0</run_address>
         <size>0xec</size>
         <input_file_ref idref="fl-2"/>
      </object_component>
      <object_component id="oc-41d">
         <name>.text:free</name>
         <load_address>0x2000ecdc</load_address>
         <run_address>0x2000ecdc</run_address>
         <size>0xe4</size>
         <input_file_ref idref="fl-ea"/>
      </object_component>
      <object_component id="oc-76c">
         <name>.text:scalbn</name>
         <load_address>0x2000edc0</load_address>
         <run_address>0x2000edc0</run_address>
         <size>0xd0</size>
         <input_file_ref idref="fl-ee"/>
      </object_component>
      <object_component id="oc-82d">
         <name>.text:UARTCC32XX_write</name>
         <load_address>0x2000ee90</load_address>
         <run_address>0x2000ee90</run_address>
         <size>0xca</size>
         <input_file_ref idref="fl-17"/>
      </object_component>
      <object_component id="oc-6ca">
         <name>.text:SemaphoreP_destruct</name>
         <load_address>0x2000ef5a</load_address>
         <run_address>0x2000ef5a</run_address>
         <size>0x2</size>
         <input_file_ref idref="fl-1b"/>
      </object_component>
      <object_component id="oc-7d3">
         <name>.text:restoreParkedPins</name>
         <load_address>0x2000ef5c</load_address>
         <run_address>0x2000ef5c</run_address>
         <size>0xc0</size>
         <input_file_ref idref="fl-14"/>
      </object_component>
      <object_component id="oc-821">
         <name>.text:UARTCC32XX_readPolling</name>
         <load_address>0x2000f01c</load_address>
         <run_address>0x2000f01c</run_address>
         <size>0xba</size>
         <input_file_ref idref="fl-17"/>
      </object_component>
      <object_component id="oc-33d">
         <name>.text:Timer_init</name>
         <load_address>0x2000f0d6</load_address>
         <run_address>0x2000f0d6</run_address>
         <size>0x2</size>
         <input_file_ref idref="fl-10"/>
      </object_component>
      <object_component id="oc-995">
         <name>.text:initHw</name>
         <load_address>0x2000f0d8</load_address>
         <run_address>0x2000f0d8</run_address>
         <size>0xb8</size>
         <input_file_ref idref="fl-17"/>
      </object_component>
      <object_component id="oc-a3f">
         <name>.text:readTaskCallback</name>
         <load_address>0x2000f190</load_address>
         <run_address>0x2000f190</run_address>
         <size>0xb6</size>
         <input_file_ref idref="fl-17"/>
      </object_component>
      <object_component id="oc-675">
         <name>.text:I2CCC32XX_completeTransfer</name>
         <load_address>0x2000f246</load_address>
         <run_address>0x2000f246</run_address>
         <size>0xb2</size>
         <input_file_ref idref="fl-13"/>
      </object_component>
      <object_component id="oc-52d">
         <name>.text:_ltostr</name>
         <load_address>0x2000f2f8</load_address>
         <run_address>0x2000f2f8</run_address>
         <size>0xb1</size>
         <input_file_ref idref="fl-ec"/>
      </object_component>
      <object_component id="oc-a2d">
         <name>.text:readTaskBlocking</name>
         <load_address>0x2000f3aa</load_address>
         <run_address>0x2000f3aa</run_address>
         <size>0xb0</size>
         <input_file_ref idref="fl-17"/>
      </object_component>
      <object_component id="oc-a33">
         <name>.text:readIsrTextBlocking</name>
         <load_address>0x2000f45a</load_address>
         <run_address>0x2000f45a</run_address>
         <size>0xae</size>
         <input_file_ref idref="fl-17"/>
      </object_component>
      <object_component id="oc-663">
         <name>.text:I2CCC32XX_primeWriteBurst</name>
         <load_address>0x2000f508</load_address>
         <run_address>0x2000f508</run_address>
         <size>0xa8</size>
         <input_file_ref idref="fl-13"/>
      </object_component>
      <object_component id="oc-b5">
         <name>.text:IntEnable</name>
         <load_address>0x2000f5b0</load_address>
         <run_address>0x2000f5b0</run_address>
         <size>0xa8</size>
         <input_file_ref idref="fl-24"/>
      </object_component>
      <object_component id="oc-2c2">
         <name>.text:PowerCC32XX_configureWakeup</name>
         <load_address>0x2000f658</load_address>
         <run_address>0x2000f658</run_address>
         <size>0xa8</size>
         <input_file_ref idref="fl-14"/>
      </object_component>
      <object_component id="oc-a45">
         <name>.text:readIsrTextCallback</name>
         <load_address>0x2000f700</load_address>
         <run_address>0x2000f700</run_address>
         <size>0xa2</size>
         <input_file_ref idref="fl-17"/>
      </object_component>
      <object_component id="oc-9cc">
         <name>.text:writeData</name>
         <load_address>0x2000f7a2</load_address>
         <run_address>0x2000f7a2</run_address>
         <size>0xa2</size>
         <input_file_ref idref="fl-17"/>
      </object_component>
      <object_component id="oc-2e7">
         <name>.text:SemaphoreP_pend</name>
         <load_address>0x2000f844</load_address>
         <run_address>0x2000f844</run_address>
         <size>0xa0</size>
         <input_file_ref idref="fl-1b"/>
      </object_component>
      <object_component id="oc-497">
         <name>.text:I2CCC32XX_initHw</name>
         <load_address>0x2000f8e4</load_address>
         <run_address>0x2000f8e4</run_address>
         <size>0x9c</size>
         <input_file_ref idref="fl-13"/>
      </object_component>
      <object_component id="oc-3b">
         <name>.text</name>
         <load_address>0x2000f980</load_address>
         <run_address>0x2000f980</run_address>
         <size>0x9c</size>
         <input_file_ref idref="fl-e5"/>
      </object_component>
      <object_component id="oc-5bb">
         <name>.text</name>
         <load_address>0x2000fa1c</load_address>
         <run_address>0x2000fa1c</run_address>
         <size>0x96</size>
         <input_file_ref idref="fl-e6"/>
      </object_component>
      <object_component id="oc-80f">
         <name>.text:UARTCC32XX_init</name>
         <load_address>0x2000fab2</load_address>
         <run_address>0x2000fab2</run_address>
         <size>0x2</size>
         <input_file_ref idref="fl-17"/>
      </object_component>
      <object_component id="oc-1e7">
         <name>.text:GPIO_init</name>
         <load_address>0x2000fab4</load_address>
         <run_address>0x2000fab4</run_address>
         <size>0x90</size>
         <input_file_ref idref="fl-12"/>
      </object_component>
      <object_component id="oc-7c7">
         <name>.text:restoreNVICRegs</name>
         <load_address>0x2000fb44</load_address>
         <run_address>0x2000fb44</run_address>
         <size>0x90</size>
         <input_file_ref idref="fl-14"/>
      </object_component>
      <object_component id="oc-48b">
         <name>.text:HwiP_construct</name>
         <load_address>0x2000fbd4</load_address>
         <run_address>0x2000fbd4</run_address>
         <size>0x8c</size>
         <input_file_ref idref="fl-1d"/>
      </object_component>
      <object_component id="oc-950">
         <name>.text:IntPendSet</name>
         <load_address>0x2000fc60</load_address>
         <run_address>0x2000fc60</run_address>
         <size>0x88</size>
         <input_file_ref idref="fl-24"/>
      </object_component>
      <object_component id="oc-35c">
         <name>.text:PinConfigSet</name>
         <load_address>0x2000fce8</load_address>
         <run_address>0x2000fce8</run_address>
         <size>0x88</size>
         <input_file_ref idref="fl-25"/>
      </object_component>
      <object_component id="oc-533">
         <name>.text:__aeabi_cdcmple</name>
         <load_address>0x2000fd70</load_address>
         <run_address>0x2000fd70</run_address>
         <size>0x86</size>
         <input_file_ref idref="fl-f2"/>
      </object_component>
      <object_component id="oc-731">
         <name>.text:__aeabi_cdrcmple</name>
         <load_address>0x2000fdf6</load_address>
         <run_address>0x2000fdf6</run_address>
         <size>0x86</size>
         <input_file_ref idref="fl-f2"/>
      </object_component>
      <object_component id="oc-1e1">
         <name>.text:Power_init</name>
         <load_address>0x2000fe7c</load_address>
         <run_address>0x2000fe7c</run_address>
         <size>0x84</size>
         <input_file_ref idref="fl-14"/>
      </object_component>
      <object_component id="oc-7bc">
         <name>.text:saveNVICRegs</name>
         <load_address>0x2000ff00</load_address>
         <run_address>0x2000ff00</run_address>
         <size>0x84</size>
         <input_file_ref idref="fl-14"/>
      </object_component>
      <object_component id="oc-20d">
         <name>.text:GPIO_write</name>
         <load_address>0x2000ff84</load_address>
         <run_address>0x2000ff84</run_address>
         <size>0x80</size>
         <input_file_ref idref="fl-12"/>
      </object_component>
      <object_component id="oc-362">
         <name>.text:Power_setDependency</name>
         <load_address>0x20010004</load_address>
         <run_address>0x20010004</run_address>
         <size>0x80</size>
         <input_file_ref idref="fl-14"/>
      </object_component>
      <object_component id="oc-a27">
         <name>.text:readIsrBinaryBlocking</name>
         <load_address>0x20010084</load_address>
         <run_address>0x20010084</run_address>
         <size>0x7c</size>
         <input_file_ref idref="fl-17"/>
      </object_component>
      <object_component id="oc-65d">
         <name>.text:I2CCC32XX_primeReadBurst</name>
         <load_address>0x20010100</load_address>
         <run_address>0x20010100</run_address>
         <size>0x7a</size>
         <input_file_ref idref="fl-13"/>
      </object_component>
      <object_component id="oc-390">
         <name>.text</name>
         <load_address>0x2001017a</load_address>
         <run_address>0x2001017a</run_address>
         <size>0x7a</size>
         <input_file_ref idref="fl-e1"/>
      </object_component>
      <object_component id="oc-9d">
         <name>.text</name>
         <load_address>0x200101f4</load_address>
         <run_address>0x200101f4</run_address>
         <size>0x7a</size>
         <input_file_ref idref="fl-f7"/>
      </object_component>
      <object_component id="oc-a39">
         <name>.text:readIsrBinaryCallback</name>
         <load_address>0x2001026e</load_address>
         <run_address>0x2001026e</run_address>
         <size>0x78</size>
         <input_file_ref idref="fl-17"/>
      </object_component>
      <object_component id="oc-9a4">
         <name>.text:UARTCC32XX_hwiIntFxn</name>
         <load_address>0x200102e6</load_address>
         <run_address>0x200102e6</run_address>
         <size>0x74</size>
         <input_file_ref idref="fl-17"/>
      </object_component>
      <object_component id="oc-3c8">
         <name>.text:_nop</name>
         <load_address>0x2001035a</load_address>
         <run_address>0x2001035a</run_address>
         <size>0x2</size>
         <input_file_ref idref="fl-fc"/>
      </object_component>
      <object_component id="oc-306">
         <name>.text:powerNotifyFxn</name>
         <load_address>0x2001035c</load_address>
         <run_address>0x2001035c</run_address>
         <size>0x74</size>
         <input_file_ref idref="fl-12"/>
      </object_component>
      <object_component id="oc-8c7">
         <name>.text:split</name>
         <load_address>0x200103d0</load_address>
         <run_address>0x200103d0</run_address>
         <size>0x70</size>
         <input_file_ref idref="fl-ea"/>
      </object_component>
      <object_component id="oc-751">
         <name>.text:_mcpy</name>
         <load_address>0x20010440</load_address>
         <run_address>0x20010440</run_address>
         <size>0x6e</size>
         <input_file_ref idref="fl-ec"/>
      </object_component>
      <object_component id="oc-690">
         <name>.text:I2CSupport_primeTransfer</name>
         <load_address>0x200104ae</load_address>
         <run_address>0x200104ae</run_address>
         <size>0x6a</size>
         <input_file_ref idref="fl-13"/>
      </object_component>
      <object_component id="oc-14">
         <name>.text:decompress:lzss:__TI_decompress_lzss</name>
         <load_address>0x20010518</load_address>
         <run_address>0x20010518</run_address>
         <size>0x68</size>
         <input_file_ref idref="fl-e9"/>
      </object_component>
      <object_component id="oc-839">
         <name>.text:UARTCC32XX_writeCancel</name>
         <load_address>0x20010580</load_address>
         <run_address>0x20010580</run_address>
         <size>0x66</size>
         <input_file_ref idref="fl-17"/>
      </object_component>
      <object_component id="oc-73">
         <name>.text:busFaultHandler</name>
         <load_address>0x200105e6</load_address>
         <run_address>0x200105e6</run_address>
         <size>0x2</size>
         <input_file_ref idref="fl-1f"/>
      </object_component>
      <object_component id="oc-374">
         <name>.text:GPIO_setInterruptConfig</name>
         <load_address>0x200105e8</load_address>
         <run_address>0x200105e8</run_address>
         <size>0x64</size>
         <input_file_ref idref="fl-12"/>
      </object_component>
      <object_component id="oc-46d">
         <name>.text:PowerCC32XX_setParkState</name>
         <load_address>0x2001064c</load_address>
         <run_address>0x2001064c</run_address>
         <size>0x64</size>
         <input_file_ref idref="fl-14"/>
      </object_component>
      <object_component id="oc-833">
         <name>.text:UARTCC32XX_writePolling</name>
         <load_address>0x200106b0</load_address>
         <run_address>0x200106b0</run_address>
         <size>0x62</size>
         <input_file_ref idref="fl-17"/>
      </object_component>
      <object_component id="oc-442">
         <name>.text:clkFxn</name>
         <load_address>0x20010712</load_address>
         <run_address>0x20010712</run_address>
         <size>0x2</size>
         <input_file_ref idref="fl-1b"/>
      </object_component>
      <object_component id="oc-37d">
         <name>.text:GPIO_hwiIntFxn</name>
         <load_address>0x20010714</load_address>
         <run_address>0x20010714</run_address>
         <size>0x60</size>
         <input_file_ref idref="fl-12"/>
      </object_component>
      <object_component id="oc-290">
         <name>.text:PRCMSysResetCauseGet</name>
         <load_address>0x20010774</load_address>
         <run_address>0x20010774</run_address>
         <size>0x60</size>
         <input_file_ref idref="fl-26"/>
      </object_component>
      <object_component id="oc-766">
         <name>.text:frexp</name>
         <load_address>0x200107d4</load_address>
         <run_address>0x200107d4</run_address>
         <size>0x5c</size>
         <input_file_ref idref="fl-ed"/>
      </object_component>
      <object_component id="oc-910">
         <name>.text:sysTickInit</name>
         <load_address>0x20010830</load_address>
         <run_address>0x20010830</run_address>
         <size>0x5c</size>
         <input_file_ref idref="fl-1c"/>
      </object_component>
      <object_component id="oc-2a9">
         <name>.text:PRCMPeripheralReset</name>
         <load_address>0x2001088c</load_address>
         <run_address>0x2001088c</run_address>
         <size>0x58</size>
         <input_file_ref idref="fl-26"/>
      </object_component>
      <object_component id="oc-8b6">
         <name>.text:Power_releaseDependency</name>
         <load_address>0x200108e4</load_address>
         <run_address>0x200108e4</run_address>
         <size>0x58</size>
         <input_file_ref idref="fl-14"/>
      </object_component>
      <object_component id="oc-53e">
         <name>.text:_pconv_f</name>
         <load_address>0x2001093c</load_address>
         <run_address>0x2001093c</run_address>
         <size>0x56</size>
         <input_file_ref idref="fl-ec"/>
      </object_component>
      <object_component id="oc-73b">
         <name>.text:__TI_ltoa</name>
         <load_address>0x20010992</load_address>
         <run_address>0x20010992</run_address>
         <size>0x54</size>
         <input_file_ref idref="fl-fd"/>
      </object_component>
      <object_component id="oc-a82">
         <name>.text:ringBufGet</name>
         <load_address>0x200109e6</load_address>
         <run_address>0x200109e6</run_address>
         <size>0x54</size>
         <input_file_ref idref="fl-17"/>
      </object_component>
      <object_component id="oc-92d">
         <name>.text:PowerCC32XX_resumeLPDS</name>
         <load_address>0x20010a3a</load_address>
         <run_address>0x20010a3a</run_address>
         <size>0x52</size>
         <input_file_ref idref="fl-15"/>
      </object_component>
      <object_component id="oc-74b">
         <name>.text:_ecpy</name>
         <load_address>0x20010a8c</load_address>
         <run_address>0x20010a8c</run_address>
         <size>0x52</size>
         <input_file_ref idref="fl-ec"/>
      </object_component>
      <object_component id="oc-4df">
         <name>.text:initHw</name>
         <load_address>0x20010ade</load_address>
         <run_address>0x20010ade</run_address>
         <size>0x52</size>
         <input_file_ref idref="fl-16"/>
      </object_component>
      <object_component id="oc-79">
         <name>.text:ClockP_sysTickHandler</name>
         <load_address>0x20010b30</load_address>
         <run_address>0x20010b30</run_address>
         <size>0x50</size>
         <input_file_ref idref="fl-1c"/>
      </object_component>
      <object_component id="oc-5e1">
         <name>.text:SemaphoreP_construct</name>
         <load_address>0x20010b80</load_address>
         <run_address>0x20010b80</run_address>
         <size>0x50</size>
         <input_file_ref idref="fl-1b"/>
      </object_component>
      <object_component id="oc-4c7">
         <name>.text:TimerCC32XX_allocateTimerResource</name>
         <load_address>0x20010bd0</load_address>
         <run_address>0x20010bd0</run_address>
         <size>0x50</size>
         <input_file_ref idref="fl-16"/>
      </object_component>
      <object_component id="oc-651">
         <name>.text:I2CCC32XX_readRecieveFifo</name>
         <load_address>0x20010c20</load_address>
         <run_address>0x20010c20</run_address>
         <size>0x4c</size>
         <input_file_ref idref="fl-13"/>
      </object_component>
      <object_component id="oc-924">
         <name>.text:PowerCC32XX_parkPin</name>
         <load_address>0x20010c6c</load_address>
         <run_address>0x20010c6c</run_address>
         <size>0x4c</size>
         <input_file_ref idref="fl-14"/>
      </object_component>
      <object_component id="oc-527">
         <name>.text:atoi</name>
         <load_address>0x20010cb8</load_address>
         <run_address>0x20010cb8</run_address>
         <size>0x4c</size>
         <input_file_ref idref="fl-ff"/>
      </object_component>
      <object_component id="oc-7cd">
         <name>.text:restorePeriphClocks</name>
         <load_address>0x20010d04</load_address>
         <run_address>0x20010d04</run_address>
         <size>0x4c</size>
         <input_file_ref idref="fl-14"/>
      </object_component>
      <object_component id="oc-225">
         <name>.text:snprintf</name>
         <load_address>0x20010d50</load_address>
         <run_address>0x20010d50</run_address>
         <size>0x4c</size>
         <input_file_ref idref="fl-e0"/>
      </object_component>
      <object_component id="oc-948">
         <name>.text:FlashDisable</name>
         <load_address>0x20010d9c</load_address>
         <run_address>0x20010d9c</run_address>
         <size>0x48</size>
         <input_file_ref idref="fl-2a"/>
      </object_component>
      <object_component id="oc-50b">
         <name>.text:GPIO_disableInt</name>
         <load_address>0x20010de4</load_address>
         <run_address>0x20010de4</run_address>
         <size>0x48</size>
         <input_file_ref idref="fl-12"/>
      </object_component>
      <object_component id="oc-219">
         <name>.text:GPIO_enableInt</name>
         <load_address>0x20010e2c</load_address>
         <run_address>0x20010e2c</run_address>
         <size>0x48</size>
         <input_file_ref idref="fl-12"/>
      </object_component>
      <object_component id="oc-7d9">
         <name>.text:PRCMLPDSEnter</name>
         <load_address>0x20010e74</load_address>
         <run_address>0x20010e74</run_address>
         <size>0x48</size>
         <input_file_ref idref="fl-26"/>
      </object_component>
      <object_component id="oc-2a3">
         <name>.text:PRCMPeripheralClkEnable</name>
         <load_address>0x20010ebc</load_address>
         <run_address>0x20010ebc</run_address>
         <size>0x48</size>
         <input_file_ref idref="fl-26"/>
      </object_component>
      <object_component id="oc-874">
         <name>.text:Power_releaseConstraint</name>
         <load_address>0x20010f04</load_address>
         <run_address>0x20010f04</run_address>
         <size>0x48</size>
         <input_file_ref idref="fl-14"/>
      </object_component>
      <object_component id="oc-201">
         <name>.text:initTimer</name>
         <load_address>0x20010f4c</load_address>
         <run_address>0x20010f4c</run_address>
         <size>0x48</size>
         <input_file_ref idref="fl-2"/>
      </object_component>
      <object_component id="oc-736">
         <name>.text</name>
         <load_address>0x20010f94</load_address>
         <run_address>0x20010f94</run_address>
         <size>0x48</size>
         <input_file_ref idref="fl-f5"/>
      </object_component>
      <object_component id="oc-a6f">
         <name>.text:RingBuf_put</name>
         <load_address>0x20010fdc</load_address>
         <run_address>0x20010fdc</run_address>
         <size>0x46</size>
         <input_file_ref idref="fl-19"/>
      </object_component>
      <object_component id="oc-4d9">
         <name>.text:getPrescaler</name>
         <load_address>0x20011022</load_address>
         <run_address>0x20011022</run_address>
         <size>0x46</size>
         <input_file_ref idref="fl-16"/>
      </object_component>
      <object_component id="oc-609">
         <name>.text:ClockP_stop</name>
         <load_address>0x20011068</load_address>
         <run_address>0x20011068</run_address>
         <size>0x44</size>
         <input_file_ref idref="fl-1c"/>
      </object_component>
      <object_component id="oc-932">
         <name>.text:PRCMLPDSRestoreInfoSet</name>
         <load_address>0x200110ac</load_address>
         <run_address>0x200110ac</run_address>
         <size>0x44</size>
         <input_file_ref idref="fl-26"/>
      </object_component>
      <object_component id="oc-7c2">
         <name>.text:PowerCC32XX_enterLPDS</name>
         <load_address>0x200110f0</load_address>
         <run_address>0x200110f0</run_address>
         <size>0x44</size>
         <input_file_ref idref="fl-15"/>
      </object_component>
      <object_component id="oc-2f3">
         <name>.text:SemaphoreP_post</name>
         <load_address>0x20011134</load_address>
         <run_address>0x20011134</run_address>
         <size>0x44</size>
         <input_file_ref idref="fl-1b"/>
      </object_component>
      <object_component id="oc-5d1">
         <name>.text:SwiP_restore</name>
         <load_address>0x20011178</load_address>
         <run_address>0x20011178</run_address>
         <size>0x44</size>
         <input_file_ref idref="fl-20"/>
      </object_component>
      <object_component id="oc-34f">
         <name>.text:Timer_start</name>
         <load_address>0x200111bc</load_address>
         <run_address>0x200111bc</run_address>
         <size>0x44</size>
         <input_file_ref idref="fl-10"/>
      </object_component>
      <object_component id="oc-30e">
         <name>.text:UART_init</name>
         <load_address>0x20011200</load_address>
         <run_address>0x20011200</run_address>
         <size>0x44</size>
         <input_file_ref idref="fl-11"/>
      </object_component>
      <object_component id="oc-179">
         <name>.text:__TI_auto_init_nobinit_nopinit:__TI_auto_init_nobinit_nopinit</name>
         <load_address>0x20011244</load_address>
         <run_address>0x20011244</run_address>
         <size>0x44</size>
         <input_file_ref idref="fl-f8"/>
      </object_component>
      <object_component id="oc-a16">
         <name>.text:ClockP_construct</name>
         <load_address>0x20011288</load_address>
         <run_address>0x20011288</run_address>
         <size>0x40</size>
         <input_file_ref idref="fl-1c"/>
      </object_component>
      <object_component id="oc-2bb">
         <name>.text:PinModeSet</name>
         <load_address>0x200112c8</load_address>
         <run_address>0x200112c8</run_address>
         <size>0x40</size>
         <input_file_ref idref="fl-25"/>
      </object_component>
      <object_component id="oc-9be">
         <name>.text:RingBuf_get</name>
         <load_address>0x20011308</load_address>
         <run_address>0x20011308</run_address>
         <size>0x40</size>
         <input_file_ref idref="fl-19"/>
      </object_component>
      <object_component id="oc-4f9">
         <name>.text:TimerSupport_timerEnable</name>
         <load_address>0x20011348</load_address>
         <run_address>0x20011348</run_address>
         <size>0x40</size>
         <input_file_ref idref="fl-16"/>
      </object_component>
      <object_component id="oc-4d3">
         <name>.text:Timer_close</name>
         <load_address>0x20011388</load_address>
         <run_address>0x20011388</run_address>
         <size>0x40</size>
         <input_file_ref idref="fl-16"/>
      </object_component>
      <object_component id="oc-81b">
         <name>.text:UARTCC32XX_read</name>
         <load_address>0x200113c8</load_address>
         <run_address>0x200113c8</run_address>
         <size>0x40</size>
         <input_file_ref idref="fl-17"/>
      </object_component>
      <object_component id="oc-31a">
         <name>.text:UART_open</name>
         <load_address>0x20011408</load_address>
         <run_address>0x20011408</run_address>
         <size>0x40</size>
         <input_file_ref idref="fl-11"/>
      </object_component>
      <object_component id="oc-75e">
         <name>.text:_fcpy</name>
         <load_address>0x20011448</load_address>
         <run_address>0x20011448</run_address>
         <size>0x3e</size>
         <input_file_ref idref="fl-ec"/>
      </object_component>
      <object_component id="oc-6d">
         <name>.text:defaultHandler</name>
         <load_address>0x20011486</load_address>
         <run_address>0x20011486</run_address>
         <size>0x2</size>
         <input_file_ref idref="fl-1f"/>
      </object_component>
      <object_component id="oc-43c">
         <name>.text:ClockP_destruct</name>
         <load_address>0x20011488</load_address>
         <run_address>0x20011488</run_address>
         <size>0x3c</size>
         <input_file_ref idref="fl-1c"/>
      </object_component>
      <object_component id="oc-709">
         <name>.text:Power_setConstraint</name>
         <load_address>0x200114c4</load_address>
         <run_address>0x200114c4</run_address>
         <size>0x3c</size>
         <input_file_ref idref="fl-14"/>
      </object_component>
      <object_component id="oc-1f5">
         <name>.text:initUART</name>
         <load_address>0x20011500</load_address>
         <run_address>0x20011500</run_address>
         <size>0x3c</size>
         <input_file_ref idref="fl-2"/>
      </object_component>
      <object_component id="oc-5b5">
         <name>.text:getCountsRTC</name>
         <load_address>0x2001153c</load_address>
         <run_address>0x2001153c</run_address>
         <size>0x3a</size>
         <input_file_ref idref="fl-1e"/>
      </object_component>
      <object_component id="oc-67">
         <name>.text:faultISR</name>
         <load_address>0x20011576</load_address>
         <run_address>0x20011576</run_address>
         <size>0x2</size>
         <input_file_ref idref="fl-1f"/>
      </object_component>
      <object_component id="oc-7df">
         <name>.text:PRCMLPDSEnterKeepDebugIf</name>
         <load_address>0x20011578</load_address>
         <run_address>0x20011578</run_address>
         <size>0x38</size>
         <input_file_ref idref="fl-26"/>
      </object_component>
      <object_component id="oc-db">
         <name>.text:addToList</name>
         <load_address>0x200115b0</load_address>
         <run_address>0x200115b0</run_address>
         <size>0x38</size>
         <input_file_ref idref="fl-1c"/>
      </object_component>
      <object_component id="oc-59">
         <name>.text:initVectors</name>
         <load_address>0x200115e8</load_address>
         <run_address>0x200115e8</run_address>
         <size>0x38</size>
         <input_file_ref idref="fl-1f"/>
      </object_component>
      <object_component id="oc-7b0">
         <name>.text:notify</name>
         <load_address>0x20011620</load_address>
         <run_address>0x20011620</run_address>
         <size>0x38</size>
         <input_file_ref idref="fl-14"/>
      </object_component>
      <object_component id="oc-395">
         <name>.text</name>
         <load_address>0x20011658</load_address>
         <run_address>0x20011658</run_address>
         <size>0x38</size>
         <input_file_ref idref="fl-e2"/>
      </object_component>
      <object_component id="oc-38b">
         <name>.text</name>
         <load_address>0x20011690</load_address>
         <run_address>0x20011690</run_address>
         <size>0x38</size>
         <input_file_ref idref="fl-e3"/>
      </object_component>
      <object_component id="oc-6ea">
         <name>.text:TimerControlStall</name>
         <load_address>0x200116c8</load_address>
         <run_address>0x200116c8</run_address>
         <size>0x36</size>
         <input_file_ref idref="fl-27"/>
      </object_component>
      <object_component id="oc-6b8">
         <name>.text:Timer_stop</name>
         <load_address>0x200116fe</load_address>
         <run_address>0x200116fe</run_address>
         <size>0x36</size>
         <input_file_ref idref="fl-10"/>
      </object_component>
      <object_component id="oc-827">
         <name>.text:UARTCC32XX_readCancel</name>
         <load_address>0x20011734</load_address>
         <run_address>0x20011734</run_address>
         <size>0x36</size>
         <input_file_ref idref="fl-17"/>
      </object_component>
      <object_component id="oc-61">
         <name>.text:nmiISR</name>
         <load_address>0x2001176a</load_address>
         <run_address>0x2001176a</run_address>
         <size>0x2</size>
         <input_file_ref idref="fl-1f"/>
      </object_component>
      <object_component id="oc-5a3">
         <name>.text:ClockP_getTicksUntilInterrupt</name>
         <load_address>0x2001176c</load_address>
         <run_address>0x2001176c</run_address>
         <size>0x34</size>
         <input_file_ref idref="fl-1c"/>
      </object_component>
      <object_component id="oc-7a1">
         <name>.text:ClockP_startup</name>
         <load_address>0x200117a0</load_address>
         <run_address>0x200117a0</run_address>
         <size>0x34</size>
         <input_file_ref idref="fl-1c"/>
      </object_component>
      <object_component id="oc-2b5">
         <name>.text:PinModeGet</name>
         <load_address>0x200117d4</load_address>
         <run_address>0x200117d4</run_address>
         <size>0x34</size>
         <input_file_ref idref="fl-25"/>
      </object_component>
      <object_component id="oc-962">
         <name>.text:PowerCC32XX_restoreParkState</name>
         <load_address>0x20011808</load_address>
         <run_address>0x20011808</run_address>
         <size>0x34</size>
         <input_file_ref idref="fl-14"/>
      </object_component>
      <object_component id="oc-6d0">
         <name>.text:TimerCC32XX_freeTimerResource</name>
         <load_address>0x2001183c</load_address>
         <run_address>0x2001183c</run_address>
         <size>0x34</size>
         <input_file_ref idref="fl-16"/>
      </object_component>
      <object_component id="oc-4f1">
         <name>.text:TimerCC32XX_hwiIntFunction</name>
         <load_address>0x20011870</load_address>
         <run_address>0x20011870</run_address>
         <size>0x34</size>
         <input_file_ref idref="fl-16"/>
      </object_component>
      <object_component id="oc-6ad">
         <name>.text:getPowerMgrId</name>
         <load_address>0x200118a4</load_address>
         <run_address>0x200118a4</run_address>
         <size>0x34</size>
         <input_file_ref idref="fl-16"/>
      </object_component>
      <object_component id="oc-42a">
         <name>.text:ClockP_start</name>
         <load_address>0x200118d8</load_address>
         <run_address>0x200118d8</run_address>
         <size>0x30</size>
         <input_file_ref idref="fl-1c"/>
      </object_component>
      <object_component id="oc-941">
         <name>.text:PowerCC32XX_restoreParkedPin</name>
         <load_address>0x20011908</load_address>
         <run_address>0x20011908</run_address>
         <size>0x30</size>
         <input_file_ref idref="fl-14"/>
      </object_component>
      <object_component id="oc-3a1">
         <name>.text:_outs</name>
         <load_address>0x20011938</load_address>
         <run_address>0x20011938</run_address>
         <size>0x30</size>
         <input_file_ref idref="fl-e0"/>
      </object_component>
      <object_component id="oc-741">
         <name>.text</name>
         <load_address>0x20011968</load_address>
         <run_address>0x20011968</run_address>
         <size>0x2e</size>
         <input_file_ref idref="fl-f6"/>
      </object_component>
      <object_component id="oc-7aa">
         <name>.text</name>
         <load_address>0x20011996</load_address>
         <run_address>0x20011996</run_address>
         <size>0x2</size>
         <input_file_ref idref="fl-f0"/>
      </object_component>
      <object_component id="oc-983">
         <name>.text:PowerCC32XX_getParkState</name>
         <load_address>0x20011998</load_address>
         <run_address>0x20011998</run_address>
         <size>0x2c</size>
         <input_file_ref idref="fl-14"/>
      </object_component>
      <object_component id="oc-36e">
         <name>.text:HwiP_create</name>
         <load_address>0x200119c4</load_address>
         <run_address>0x200119c4</run_address>
         <size>0x2a</size>
         <input_file_ref idref="fl-1d"/>
      </object_component>
      <object_component id="oc-6e4">
         <name>.text:TimerLoadSet</name>
         <load_address>0x200119ee</load_address>
         <run_address>0x200119ee</run_address>
         <size>0x2a</size>
         <input_file_ref idref="fl-27"/>
      </object_component>
      <object_component id="oc-6de">
         <name>.text:TimerPrescaleSet</name>
         <load_address>0x20011a18</load_address>
         <run_address>0x20011a18</run_address>
         <size>0x2a</size>
         <input_file_ref idref="fl-27"/>
      </object_component>
      <object_component id="oc-669">
         <name>.text:I2CFIFODataPutNonBlocking</name>
         <load_address>0x20011a42</load_address>
         <run_address>0x20011a42</run_address>
         <size>0x28</size>
         <input_file_ref idref="fl-23"/>
      </object_component>
      <object_component id="oc-2af">
         <name>.text:PRCMPeripheralClkDisable</name>
         <load_address>0x20011a6c</load_address>
         <run_address>0x20011a6c</run_address>
         <size>0x28</size>
         <input_file_ref idref="fl-26"/>
      </object_component>
      <object_component id="oc-2ed">
         <name>.text:Power_registerNotify</name>
         <load_address>0x20011a94</load_address>
         <run_address>0x20011a94</run_address>
         <size>0x28</size>
         <input_file_ref idref="fl-14"/>
      </object_component>
      <object_component id="oc-601">
         <name>.text:free_list_insert</name>
         <load_address>0x20011abc</load_address>
         <run_address>0x20011abc</run_address>
         <size>0x28</size>
         <input_file_ref idref="fl-ea"/>
      </object_component>
      <object_component id="oc-850">
         <name>.text:I2CFIFODataGetNonBlocking</name>
         <load_address>0x20011ae4</load_address>
         <run_address>0x20011ae4</run_address>
         <size>0x26</size>
         <input_file_ref idref="fl-23"/>
      </object_component>
      <object_component id="oc-69c">
         <name>.text:I2C_cancel</name>
         <load_address>0x20011b0a</load_address>
         <run_address>0x20011b0a</run_address>
         <size>0x26</size>
         <input_file_ref idref="fl-f"/>
      </object_component>
      <object_component id="oc-44c">
         <name>.text:List_put</name>
         <load_address>0x20011b30</load_address>
         <run_address>0x20011b30</run_address>
         <size>0x26</size>
         <input_file_ref idref="fl-18"/>
      </object_component>
      <object_component id="oc-8a7">
         <name>.text:List_remove</name>
         <load_address>0x20011b56</load_address>
         <run_address>0x20011b56</run_address>
         <size>0x26</size>
         <input_file_ref idref="fl-18"/>
      </object_component>
      <object_component id="oc-630">
         <name>.text:HwiP_dispatch</name>
         <load_address>0x20011b7c</load_address>
         <run_address>0x20011b7c</run_address>
         <size>0x24</size>
         <input_file_ref idref="fl-1d"/>
      </object_component>
      <object_component id="oc-97d">
         <name>.text:PowerCC32XX_reset</name>
         <load_address>0x20011ba0</load_address>
         <run_address>0x20011ba0</run_address>
         <size>0x24</size>
         <input_file_ref idref="fl-14"/>
      </object_component>
      <object_component id="oc-8a0">
         <name>.text:TimerSupport_timerDisable</name>
         <load_address>0x20011bc4</load_address>
         <run_address>0x20011bc4</run_address>
         <size>0x24</size>
         <input_file_ref idref="fl-16"/>
      </object_component>
      <object_component id="oc-c5">
         <name>.text:_c_int00_noargs:_c_int00_noargs</name>
         <load_address>0x20011be8</load_address>
         <run_address>0x20011be8</run_address>
         <size>0x24</size>
         <input_file_ref idref="fl-eb"/>
      </object_component>
      <object_component id="oc-858">
         <name>.text:I2CMasterSlaveAddrSet</name>
         <load_address>0x20011c0c</load_address>
         <run_address>0x20011c0c</run_address>
         <size>0x22</size>
         <input_file_ref idref="fl-23"/>
      </object_component>
      <object_component id="oc-8ae">
         <name>.text:HwiP_destruct</name>
         <load_address>0x20011c2e</load_address>
         <run_address>0x20011c2e</run_address>
         <size>0x20</size>
         <input_file_ref idref="fl-1d"/>
      </object_component>
      <object_component id="oc-6be">
         <name>.text:Power_unregisterNotify</name>
         <load_address>0x20011c50</load_address>
         <run_address>0x20011c50</run_address>
         <size>0x20</size>
         <input_file_ref idref="fl-14"/>
      </object_component>
      <object_component id="oc-969">
         <name>.text:RingBuf_peek</name>
         <load_address>0x20011c70</load_address>
         <run_address>0x20011c70</run_address>
         <size>0x20</size>
         <input_file_ref idref="fl-19"/>
      </object_component>
      <object_component id="oc-977">
         <name>.text:getPowerMgrId</name>
         <load_address>0x20011c90</load_address>
         <run_address>0x20011c90</run_address>
         <size>0x20</size>
         <input_file_ref idref="fl-17"/>
      </object_component>
      <object_component id="oc-645">
         <name>.text:I2CMasterIntStatusEx</name>
         <load_address>0x20011cb0</load_address>
         <run_address>0x20011cb0</run_address>
         <size>0x1e</size>
         <input_file_ref idref="fl-23"/>
      </object_component>
      <object_component id="oc-491">
         <name>.text:SemaphoreP_constructBinary</name>
         <load_address>0x20011cce</load_address>
         <run_address>0x20011cce</run_address>
         <size>0x1e</size>
         <input_file_ref idref="fl-1b"/>
      </object_component>
      <object_component id="oc-6d8">
         <name>.text:TimerDisable</name>
         <load_address>0x20011cec</load_address>
         <run_address>0x20011cec</run_address>
         <size>0x1e</size>
         <input_file_ref idref="fl-27"/>
      </object_component>
      <object_component id="oc-70f">
         <name>.text:TimerEnable</name>
         <load_address>0x20011d0a</load_address>
         <run_address>0x20011d0a</run_address>
         <size>0x1e</size>
         <input_file_ref idref="fl-27"/>
      </object_component>
      <object_component id="oc-91e">
         <name>.text:PinToPadGet</name>
         <load_address>0x20011d28</load_address>
         <run_address>0x20011d28</run_address>
         <size>0x1c</size>
         <input_file_ref idref="fl-25"/>
      </object_component>
      <object_component id="oc-597">
         <name>.text:SwiP_disable</name>
         <load_address>0x20011d44</load_address>
         <run_address>0x20011d44</run_address>
         <size>0x1c</size>
         <input_file_ref idref="fl-20"/>
      </object_component>
      <object_component id="oc-5fb">
         <name>.text:free_list_remove</name>
         <load_address>0x20011d60</load_address>
         <run_address>0x20011d60</run_address>
         <size>0x1c</size>
         <input_file_ref idref="fl-ea"/>
      </object_component>
      <object_component id="oc-550">
         <name>.text:memccpy</name>
         <load_address>0x20011d7c</load_address>
         <run_address>0x20011d7c</run_address>
         <size>0x1c</size>
         <input_file_ref idref="fl-101"/>
      </object_component>
      <object_component id="oc-98f">
         <name>.text:ClockP_create</name>
         <load_address>0x20011d98</load_address>
         <run_address>0x20011d98</run_address>
         <size>0x1a</size>
         <input_file_ref idref="fl-1c"/>
      </object_component>
      <object_component id="oc-2cf">
         <name>.text:SemaphoreP_createBinary</name>
         <load_address>0x20011db2</load_address>
         <run_address>0x20011db2</run_address>
         <size>0x1a</size>
         <input_file_ref idref="fl-1b"/>
      </object_component>
      <object_component id="oc-21">
         <name>.text:resetISR</name>
         <load_address>0x20011dcc</load_address>
         <run_address>0x20011dcc</run_address>
         <size>0x1a</size>
         <input_file_ref idref="fl-1f"/>
      </object_component>
      <object_component id="oc-213">
         <name>.text:GPIO_setCallback</name>
         <load_address>0x20011de8</load_address>
         <run_address>0x20011de8</run_address>
         <size>0x18</size>
         <input_file_ref idref="fl-e"/>
      </object_component>
      <object_component id="oc-889">
         <name>.text:I2CMasterBusBusy</name>
         <load_address>0x20011e00</load_address>
         <run_address>0x20011e00</run_address>
         <size>0x18</size>
         <input_file_ref idref="fl-23"/>
      </object_component>
      <object_component id="oc-657">
         <name>.text:I2CMasterIntDisableEx</name>
         <load_address>0x20011e18</load_address>
         <run_address>0x20011e18</run_address>
         <size>0x18</size>
         <input_file_ref idref="fl-23"/>
      </object_component>
      <object_component id="oc-86a">
         <name>.text:I2CMasterIntEnableEx</name>
         <load_address>0x20011e30</load_address>
         <run_address>0x20011e30</run_address>
         <size>0x18</size>
         <input_file_ref idref="fl-23"/>
      </object_component>
      <object_component id="oc-883">
         <name>.text:I2CRxFIFOFlush</name>
         <load_address>0x20011e48</load_address>
         <run_address>0x20011e48</run_address>
         <size>0x18</size>
         <input_file_ref idref="fl-23"/>
      </object_component>
      <object_component id="oc-87d">
         <name>.text:I2CTxFIFOFlush</name>
         <load_address>0x20011e60</load_address>
         <run_address>0x20011e60</run_address>
         <size>0x18</size>
         <input_file_ref idref="fl-23"/>
      </object_component>
      <object_component id="oc-5a9">
         <name>.text:Power_getTransitionLatency</name>
         <load_address>0x20011e78</load_address>
         <run_address>0x20011e78</run_address>
         <size>0x18</size>
         <input_file_ref idref="fl-14"/>
      </object_component>
      <object_component id="oc-7f2">
         <name>.text:Power_idleFunc</name>
         <load_address>0x20011e90</load_address>
         <run_address>0x20011e90</run_address>
         <size>0x18</size>
         <input_file_ref idref="fl-14"/>
      </object_component>
      <object_component id="oc-9e4">
         <name>.text:TimerIntDisable</name>
         <load_address>0x20011ea8</load_address>
         <run_address>0x20011ea8</run_address>
         <size>0x18</size>
         <input_file_ref idref="fl-27"/>
      </object_component>
      <object_component id="oc-703">
         <name>.text:TimerIntEnable</name>
         <load_address>0x20011ec0</load_address>
         <run_address>0x20011ec0</run_address>
         <size>0x18</size>
         <input_file_ref idref="fl-27"/>
      </object_component>
      <object_component id="oc-9c6">
         <name>.text:UARTBusy</name>
         <load_address>0x20011ed8</load_address>
         <run_address>0x20011ed8</run_address>
         <size>0x18</size>
         <input_file_ref idref="fl-28"/>
      </object_component>
      <object_component id="oc-a5a">
         <name>.text:UARTIntEnable</name>
         <load_address>0x20011ef0</load_address>
         <run_address>0x20011ef0</run_address>
         <size>0x18</size>
         <input_file_ref idref="fl-28"/>
      </object_component>
      <object_component id="oc-314">
         <name>.text:UART_Params_init</name>
         <load_address>0x20011f08</load_address>
         <run_address>0x20011f08</run_address>
         <size>0x18</size>
         <input_file_ref idref="fl-11"/>
      </object_component>
      <object_component id="oc-3a7">
         <name>.text:_outc</name>
         <load_address>0x20011f20</load_address>
         <run_address>0x20011f20</run_address>
         <size>0x18</size>
         <input_file_ref idref="fl-e0"/>
      </object_component>
      <object_component id="oc-5c6">
         <name>.text</name>
         <load_address>0x20011f38</load_address>
         <run_address>0x20011f38</run_address>
         <size>0x18</size>
         <input_file_ref idref="fl-e4"/>
      </object_component>
      <object_component id="oc-864">
         <name>.text:I2CMasterBurstLengthSet</name>
         <load_address>0x20011f50</load_address>
         <run_address>0x20011f50</run_address>
         <size>0x16</size>
         <input_file_ref idref="fl-23"/>
      </object_component>
      <object_component id="oc-29d">
         <name>.text:PRCMHIBRegRead</name>
         <load_address>0x20011f66</load_address>
         <run_address>0x20011f66</run_address>
         <size>0x16</size>
         <input_file_ref idref="fl-26"/>
      </object_component>
      <object_component id="oc-297">
         <name>.text:PRCMHIBRegWrite</name>
         <load_address>0x20011f7c</load_address>
         <run_address>0x20011f7c</run_address>
         <size>0x16</size>
         <input_file_ref idref="fl-26"/>
      </object_component>
      <object_component id="oc-412">
         <name>.text:SemaphoreP_create</name>
         <load_address>0x20011f92</load_address>
         <run_address>0x20011f92</run_address>
         <size>0x16</size>
         <input_file_ref idref="fl-1b"/>
      </object_component>
      <object_component id="oc-772">
         <name>.text:strchr</name>
         <load_address>0x20011fa8</load_address>
         <run_address>0x20011fa8</run_address>
         <size>0x16</size>
         <input_file_ref idref="fl-102"/>
      </object_component>
      <object_component id="oc-15a">
         <name>.text:Board_init</name>
         <load_address>0x20011fbe</load_address>
         <run_address>0x20011fbe</run_address>
         <size>0x14</size>
         <input_file_ref idref="fl-3"/>
      </object_component>
      <object_component id="oc-a3">
         <name>.text:CPUcpsid</name>
         <load_address>0x20011fd2</load_address>
         <run_address>0x20011fd2</run_address>
         <size>0x14</size>
         <input_file_ref idref="fl-22"/>
      </object_component>
      <object_component id="oc-453">
         <name>.text:HwiP_inISR</name>
         <load_address>0x20011fe8</load_address>
         <run_address>0x20011fe8</run_address>
         <size>0x14</size>
         <input_file_ref idref="fl-1d"/>
      </object_component>
      <object_component id="oc-891">
         <name>.text:I2CSupport_masterFinish</name>
         <load_address>0x20011ffc</load_address>
         <run_address>0x20011ffc</run_address>
         <size>0x14</size>
         <input_file_ref idref="fl-13"/>
      </object_component>
      <object_component id="oc-333">
         <name>.text:I2C_transfer</name>
         <load_address>0x20012010</load_address>
         <run_address>0x20012010</run_address>
         <size>0x14</size>
         <input_file_ref idref="fl-f"/>
      </object_component>
      <object_component id="oc-af">
         <name>.text:IntVTableBaseSet</name>
         <load_address>0x20012024</load_address>
         <run_address>0x20012024</run_address>
         <size>0x14</size>
         <input_file_ref idref="fl-24"/>
      </object_component>
      <object_component id="oc-459">
         <name>.text:Power_disablePolicy</name>
         <load_address>0x20012038</load_address>
         <run_address>0x20012038</run_address>
         <size>0x14</size>
         <input_file_ref idref="fl-14"/>
      </object_component>
      <object_component id="oc-93a">
         <name>.text:Power_getDependencyCount</name>
         <load_address>0x2001204c</load_address>
         <run_address>0x2001204c</run_address>
         <size>0x14</size>
         <input_file_ref idref="fl-14"/>
      </object_component>
      <object_component id="oc-a54">
         <name>.text:releasePowerConstraint</name>
         <load_address>0x20012060</load_address>
         <run_address>0x20012060</run_address>
         <size>0x14</size>
         <input_file_ref idref="fl-17"/>
      </object_component>
      <object_component id="oc-521">
         <name>.text:strlen</name>
         <load_address>0x20012074</load_address>
         <run_address>0x20012074</run_address>
         <size>0x14</size>
         <input_file_ref idref="fl-103"/>
      </object_component>
      <object_component id="oc-368">
         <name>.text:HwiP_Params_init</name>
         <load_address>0x20012088</load_address>
         <run_address>0x20012088</run_address>
         <size>0x12</size>
         <input_file_ref idref="fl-1d"/>
      </object_component>
      <object_component id="oc-64b">
         <name>.text:I2CMasterIntClearEx</name>
         <load_address>0x2001209a</load_address>
         <run_address>0x2001209a</run_address>
         <size>0x12</size>
         <input_file_ref idref="fl-23"/>
      </object_component>
      <object_component id="oc-971">
         <name>.text:RingBuf_construct</name>
         <load_address>0x200120ac</load_address>
         <run_address>0x200120ac</run_address>
         <size>0x12</size>
         <input_file_ref idref="fl-19"/>
      </object_component>
      <object_component id="oc-6fa">
         <name>.text:TimerIntClear</name>
         <load_address>0x200120be</load_address>
         <run_address>0x200120be</run_address>
         <size>0x12</size>
         <input_file_ref idref="fl-27"/>
      </object_component>
      <object_component id="oc-11f">
         <name>.text:main</name>
         <load_address>0x200120d0</load_address>
         <run_address>0x200120d0</run_address>
         <size>0x12</size>
         <input_file_ref idref="fl-4"/>
      </object_component>
      <object_component id="oc-556">
         <name>.text:wcslen</name>
         <load_address>0x200120e2</load_address>
         <run_address>0x200120e2</run_address>
         <size>0x12</size>
         <input_file_ref idref="fl-ef"/>
      </object_component>
      <object_component id="oc-424">
         <name>.text:ClockP_add</name>
         <load_address>0x200120f4</load_address>
         <run_address>0x200120f4</run_address>
         <size>0x10</size>
         <input_file_ref idref="fl-1c"/>
      </object_component>
      <object_component id="oc-95c">
         <name>.text:ClockP_delete</name>
         <load_address>0x20012104</load_address>
         <run_address>0x20012104</run_address>
         <size>0x10</size>
         <input_file_ref idref="fl-1c"/>
      </object_component>
      <object_component id="oc-4cd">
[...]
      </symbol>
      <symbol id="sm-aa2">
         <name>HwiP_disableInterrupt</name>
         <value>0x20012201</value>
         <object_component_ref idref="oc-68a"/>
      </symbol>
      <symbol id="sm-ad2">
         <name>PowerCC32XX_initPolicy</name>
         <value>0x2000ebef</value>
         <object_component_ref idref="oc-3fb"/>
      </symbol>
      <symbol id="sm-ad3">
         <name>PowerCC32XX_sleepPolicy</name>
         <value>0x2000d8f9</value>
         <object_component_ref idref="oc-401"/>
      </symbol>
      <symbol id="sm-b23">
         <name>resetISR</name>
         <value>0x20011dcd</value>
         <object_component_ref idref="oc-21"/>
      </symbol>
      <symbol id="sm-b24">
         <name>resetVectorAddr</name>
         <value>0x20011de0</value>
         <object_component_ref idref="oc-21"/>
      </symbol>
      <symbol id="sm-b25">
         <name>initVectors</name>
         <value>0x200115e9</value>
         <object_component_ref idref="oc-59"/>
      </symbol>
      <symbol id="sm-b26">
         <name>resetVectors</name>
         <value>0x20004000</value>
         <object_component_ref idref="oc-27"/>
      </symbol>
      <symbol id="sm-b56">
         <name>SwiP_disable</name>
         <value>0x20011d45</value>
         <object_component_ref idref="oc-597"/>
      </symbol>
      <symbol id="sm-b57">
         <name>SwiP_restore</name>
         <value>0x20011179</value>
         <object_component_ref idref="oc-5d1"/>
      </symbol>
      <symbol id="sm-b62">
         <name>CPUcpsid</name>
         <value>0x20011fd3</value>
         <object_component_ref idref="oc-a3"/>
      </symbol>
      <symbol id="sm-bcf">
         <name>I2CRxFIFOFlush</name>
         <value>0x20011e49</value>
         <object_component_ref idref="oc-883"/>
      </symbol>
      <symbol id="sm-bd0">
         <name>I2CTxFIFOFlush</name>
         <value>0x20011e61</value>
         <object_component_ref idref="oc-87d"/>
      </symbol>
      <symbol id="sm-bd1">
         <name>I2CFIFODataPutNonBlocking</name>
         <value>0x20011a43</value>
         <object_component_ref idref="oc-669"/>
      </symbol>
      <symbol id="sm-bd2">
         <name>I2CMasterBusBusy</name>
         <value>0x20011e01</value>
         <object_component_ref idref="oc-889"/>
      </symbol>
      <symbol id="sm-bd3">
         <name>I2CMasterIntDisableEx</name>
         <value>0x20011e19</value>
         <object_component_ref idref="oc-657"/>
      </symbol>
      <symbol id="sm-bd4">
         <name>I2CMasterBurstLengthSet</name>
         <value>0x20011f51</value>
         <object_component_ref idref="oc-864"/>
      </symbol>
      <symbol id="sm-bd5">
         <name>I2CMasterIntClearEx</name>
         <value>0x2001209b</value>
         <object_component_ref idref="oc-64b"/>
      </symbol>
      <symbol id="sm-bd6">
         <name>I2CMasterSlaveAddrSet</name>
         <value>0x20011c0d</value>
         <object_component_ref idref="oc-858"/>
      </symbol>
      <symbol id="sm-bd7">
         <name>I2CMasterIntEnableEx</name>
         <value>0x20011e31</value>
         <object_component_ref idref="oc-86a"/>
      </symbol>
      <symbol id="sm-bd8">
         <name>I2CFIFOStatus</name>
         <value>0x20012165</value>
         <object_component_ref idref="oc-66f"/>
      </symbol>
      <symbol id="sm-bd9">
         <name>I2CMasterIntStatusEx</name>
         <value>0x20011cb1</value>
         <object_component_ref idref="oc-645"/>
      </symbol>
      <symbol id="sm-bda">
         <name>I2CFIFODataGetNonBlocking</name>
         <value>0x20011ae5</value>
         <object_component_ref idref="oc-850"/>
      </symbol>
      <symbol id="sm-c1f">
         <name>IntVTableBaseSet</name>
         <value>0x20012025</value>
         <object_component_ref idref="oc-af"/>
      </symbol>
      <symbol id="sm-c20">
         <name>IntEnable</name>
         <value>0x2000f5b1</value>
         <object_component_ref idref="oc-b5"/>
      </symbol>
      <symbol id="sm-c21">
         <name>IntMasterDisable</name>
         <value>0x200122bd</value>
         <object_component_ref idref="oc-53"/>
      </symbol>
      <symbol id="sm-c22">
         <name>IntPendSet</name>
         <value>0x2000fc61</value>
         <object_component_ref idref="oc-950"/>
      </symbol>
      <symbol id="sm-c5c">
         <name>PinModeGet</name>
         <value>0x200117d5</value>
         <object_component_ref idref="oc-2b5"/>
      </symbol>
      <symbol id="sm-c5d">
         <name>PinConfigSet</name>
         <value>0x2000fce9</value>
         <object_component_ref idref="oc-35c"/>
      </symbol>
      <symbol id="sm-c5e">
         <name>PinModeSet</name>
         <value>0x200112c9</value>
         <object_component_ref idref="oc-2bb"/>
      </symbol>
      <symbol id="sm-c5f">
         <name>PinToPadGet</name>
         <value>0x20011d29</value>
         <object_component_ref idref="oc-91e"/>
      </symbol>
      <symbol id="sm-d28">
         <name>PRCMLPDSRestoreInfoSet</name>
         <value>0x200110ad</value>
         <object_component_ref idref="oc-932"/>
      </symbol>
      <symbol id="sm-d29">
         <name>PRCMPeripheralReset</name>
         <value>0x2001088d</value>
         <object_component_ref idref="oc-2a9"/>
      </symbol>
      <symbol id="sm-d2a">
         <name>PRCMLPDSEnter</name>
         <value>0x20010e75</value>
         <object_component_ref idref="oc-7d9"/>
      </symbol>
      <symbol id="sm-d2b">
         <name>PRCMPeripheralClkEnable</name>
         <value>0x20010ebd</value>
         <object_component_ref idref="oc-2a3"/>
      </symbol>
      <symbol id="sm-d2c">
         <name>PRCMLPDSEnterKeepDebugIf</name>
         <value>0x20011579</value>
         <object_component_ref idref="oc-7df"/>
      </symbol>
      <symbol id="sm-d2d">
         <name>PRCMCC3200MCUInit</name>
         <value>0x2000ca91</value>
         <object_component_ref idref="oc-1db"/>
      </symbol>
      <symbol id="sm-d2e">
         <name>PRCMHIBRegWrite</name>
         <value>0x20011f7d</value>
         <object_component_ref idref="oc-297"/>
      </symbol>
      <symbol id="sm-d2f">
         <name>PRCMSysResetCauseGet</name>
         <value>0x20010775</value>
         <object_component_ref idref="oc-290"/>
      </symbol>
      <symbol id="sm-d30">
         <name>PRCMPeripheralClkDisable</name>
         <value>0x20011a6d</value>
         <object_component_ref idref="oc-2af"/>
      </symbol>
      <symbol id="sm-d31">
         <name>PRCMHIBRegRead</name>
         <value>0x20011f67</value>
         <object_component_ref idref="oc-29d"/>
      </symbol>
      <symbol id="sm-d79">
         <name>TimerLoadSet</name>
         <value>0x200119ef</value>
         <object_component_ref idref="oc-6e4"/>
      </symbol>
      <symbol id="sm-d7a">
         <name>TimerDisable</name>
         <value>0x20011ced</value>
         <object_component_ref idref="oc-6d8"/>
      </symbol>
      <symbol id="sm-d7b">
         <name>TimerEnable</name>
         <value>0x20011d0b</value>
         <object_component_ref idref="oc-70f"/>
      </symbol>
      <symbol id="sm-d7c">
         <name>TimerIntDisable</name>
         <value>0x20011ea9</value>
         <object_component_ref idref="oc-9e4"/>
      </symbol>
      <symbol id="sm-d7d">
         <name>TimerPrescaleSet</name>
         <value>0x20011a19</value>
         <object_component_ref idref="oc-6de"/>
      </symbol>
      <symbol id="sm-d7e">
         <name>TimerControlStall</name>
         <value>0x200116c9</value>
         <object_component_ref idref="oc-6ea"/>
      </symbol>
      <symbol id="sm-d7f">
         <name>TimerIntEnable</name>
         <value>0x20011ec1</value>
         <object_component_ref idref="oc-703"/>
      </symbol>
      <symbol id="sm-d80">
         <name>TimerIntClear</name>
         <value>0x200120bf</value>
         <object_component_ref idref="oc-6fa"/>
      </symbol>
      <symbol id="sm-d94">
         <name>UARTBusy</name>
         <value>0x20011ed9</value>
         <object_component_ref idref="oc-9c6"/>
      </symbol>
      <symbol id="sm-d95">
         <name>UARTIntEnable</name>
         <value>0x20011ef1</value>
         <object_component_ref idref="oc-a5a"/>
      </symbol>
      <symbol id="sm-d99">
         <name>UtilsDelay</name>
         <value>0x20012305</value>
         <object_component_ref idref="oc-296"/>
      </symbol>
      <symbol id="sm-da9">
         <name>FlashDisable</name>
         <value>0x20010d9d</value>
         <object_component_ref idref="oc-948"/>
      </symbol>
      <symbol id="sm-dd8">
         <name>snprintf</name>
         <value>0x20010d51</value>
         <object_component_ref idref="oc-225"/>
      </symbol>
      <symbol id="sm-de2">
         <name>__aeabi_fmul</name>
         <value>0x2001017b</value>
         <object_component_ref idref="oc-390"/>
      </symbol>
      <symbol id="sm-dec">
         <name>__aeabi_f2iz</name>
         <value>0x20011659</value>
         <object_component_ref idref="oc-395"/>
      </symbol>
      <symbol id="sm-df7">
         <name>__aeabi_i2f</name>
         <value>0x20011691</value>
         <object_component_ref idref="oc-38b"/>
      </symbol>
      <symbol id="sm-e00">
         <name>__aeabi_lmul</name>
         <value>0x20011f39</value>
         <object_component_ref idref="oc-5c6"/>
      </symbol>
      <symbol id="sm-e1b">
         <name>memcpy</name>
         <value>0x2000f981</value>
         <object_component_ref idref="oc-3b"/>
      </symbol>
      <symbol id="sm-e1c">
         <name>__aeabi_memcpy</name>
         <value>0x2000f981</value>
         <object_component_ref idref="oc-3b"/>
      </symbol>
      <symbol id="sm-e1d">
         <name>__aeabi_memcpy8</name>
         <value>0x2000f981</value>
         <object_component_ref idref="oc-3b"/>
      </symbol>
      <symbol id="sm-e1e">
         <name>__aeabi_memcpy4</name>
         <value>0x2000f981</value>
         <object_component_ref idref="oc-3b"/>
      </symbol>
      <symbol id="sm-e2b">
         <name>__aeabi_uldivmod</name>
         <value>0x2000fa1d</value>
         <object_component_ref idref="oc-5bb"/>
      </symbol>
      <symbol id="sm-e3d">
         <name>__TI_zero_init</name>
         <value>0x20012279</value>
         <object_component_ref idref="oc-4d"/>
      </symbol>
      <symbol id="sm-e54">
         <name>__TI_decompress_none</name>
         <value>0x20012247</value>
         <object_component_ref idref="oc-1a"/>
      </symbol>
      <symbol id="sm-e77">
         <name>__TI_decompress_lzss</name>
         <value>0x20010519</value>
         <object_component_ref idref="oc-14"/>
      </symbol>
      <symbol id="sm-f00">
         <name>_sys_memory</name>
         <value>0x20004040</value>
         <object_component_ref idref="oc-2a"/>
      </symbol>
      <symbol id="sm-f01">
         <name>free</name>
         <value>0x2000ecdd</value>
         <object_component_ref idref="oc-41d"/>
      </symbol>
      <symbol id="sm-f02">
         <name>memalign</name>
         <value>0x2000e805</value>
         <object_component_ref idref="oc-716"/>
      </symbol>
      <symbol id="sm-f03">
         <name>malloc</name>
         <value>0x200122e1</value>
         <object_component_ref idref="oc-504"/>
      </symbol>
      <symbol id="sm-f04">
         <name>aligned_alloc</name>
         <value>0x2000e805</value>
         <object_component_ref idref="oc-716"/>
      </symbol>
      <symbol id="sm-f16">
         <name>__stack</name>
         <value>0x20003000</value>
         <object_component_ref idref="oc-2d"/>
      </symbol>
      <symbol id="sm-f17">
         <name>_c_int00_noargs</name>
         <value>0x20011be9</value>
         <object_component_ref idref="oc-c5"/>
      </symbol>
      <symbol id="sm-107c">
         <name>__TI_printfi</name>
         <value>0x2000c041</value>
         <object_component_ref idref="oc-39b"/>
      </symbol>
      <symbol id="sm-109c">
         <name>frexpl</name>
         <value>0x200107d5</value>
         <object_component_ref idref="oc-766"/>
      </symbol>
      <symbol id="sm-109d">
         <name>frexp</name>
         <value>0x200107d5</value>
         <object_component_ref idref="oc-766"/>
      </symbol>
      <symbol id="sm-10bb">
         <name>scalbn</name>
         <value>0x2000edc1</value>
         <object_component_ref idref="oc-76c"/>
      </symbol>
      <symbol id="sm-10bc">
         <name>scalbnl</name>
         <value>0x2000edc1</value>
         <object_component_ref idref="oc-76c"/>
      </symbol>
      <symbol id="sm-10bd">
         <name>ldexpl</name>
         <value>0x2000edc1</value>
         <object_component_ref idref="oc-76c"/>
      </symbol>
      <symbol id="sm-10be">
         <name>ldexp</name>
         <value>0x2000edc1</value>
         <object_component_ref idref="oc-76c"/>
      </symbol>
      <symbol id="sm-10d7">
         <name>wcslen</name>
         <value>0x200120e3</value>
         <object_component_ref idref="oc-556"/>
      </symbol>
      <symbol id="sm-10e1">
         <name>__aeabi_idiv0</name>
         <value>0x20011997</value>
         <object_component_ref idref="oc-7aa"/>
      </symbol>
      <symbol id="sm-10e2">
         <name>__aeabi_ldiv0</name>
         <value>0x20011997</value>
         <object_component_ref idref="oc-7aa"/>
      </symbol>
      <symbol id="sm-10f9">
         <name>__aeabi_dsub</name>
         <value>0x2000d741</value>
         <object_component_ref idref="oc-746"/>
      </symbol>
      <symbol id="sm-10fa">
         <name>__aeabi_dadd</name>
         <value>0x2000d74b</value>
         <object_component_ref idref="oc-746"/>
      </symbol>
      <symbol id="sm-111c">
         <name>__aeabi_cdcmpeq</name>
         <value>0x2000fd71</value>
         <object_component_ref idref="oc-533"/>
      </symbol>
      <symbol id="sm-111d">
         <name>__aeabi_cdcmple</name>
         <value>0x2000fd71</value>
         <object_component_ref idref="oc-533"/>
      </symbol>
      <symbol id="sm-111e">
         <name>__aeabi_cdrcmple</name>
         <value>0x2000fdf7</value>
         <object_component_ref idref="oc-731"/>
      </symbol>
      <symbol id="sm-1132">
         <name>__aeabi_ddiv</name>
         <value>0x2000e36d</value>
         <object_component_ref idref="oc-72c"/>
      </symbol>
      <symbol id="sm-113d">
         <name>__aeabi_dmul</name>
         <value>0x2000ea01</value>
         <object_component_ref idref="oc-727"/>
      </symbol>
      <symbol id="sm-1147">
         <name>__aeabi_d2iz</name>
         <value>0x20010f95</value>
         <object_component_ref idref="oc-736"/>
      </symbol>
      <symbol id="sm-1151">
         <name>__aeabi_i2d</name>
         <value>0x20011969</value>
         <object_component_ref idref="oc-741"/>
      </symbol>
      <symbol id="sm-1160">
         <name>__aeabi_memset</name>
         <value>0x200101f7</value>
         <object_component_ref idref="oc-9d"/>
      </symbol>
      <symbol id="sm-1161">
         <name>memset</name>
         <value>0x200101fd</value>
         <object_component_ref idref="oc-9d"/>
      </symbol>
      <symbol id="sm-1162">
         <name>__aeabi_memset8</name>
         <value>0x200101f7</value>
         <object_component_ref idref="oc-9d"/>
      </symbol>
      <symbol id="sm-1163">
         <name>__aeabi_memset4</name>
         <value>0x200101f7</value>
         <object_component_ref idref="oc-9d"/>
      </symbol>
      <symbol id="sm-1164">
         <name>__aeabi_memclr8</name>
         <value>0x200101f5</value>
         <object_component_ref idref="oc-9d"/>
      </symbol>
      <symbol id="sm-1165">
         <name>__aeabi_memclr4</name>
         <value>0x200101f5</value>
         <object_component_ref idref="oc-9d"/>
      </symbol>
      <symbol id="sm-1166">
         <name>__aeabi_memclr</name>
         <value>0x200101f5</value>
         <object_component_ref idref="oc-9d"/>
      </symbol>
      <symbol id="sm-118e">
         <name>__TI_auto_init_nobinit_nopinit</name>
         <value>0x20011245</value>
         <object_component_ref idref="oc-179"/>
      </symbol>
      <symbol id="sm-1198">
         <name>_system_pre_init</name>
         <value>0x20012317</value>
         <object_component_ref idref="oc-119"/>
      </symbol>
      <symbol id="sm-11a4">
         <name>C$$EXIT</name>
         <value>0x2001231b</value>
         <object_component_ref idref="oc-16d"/>
      </symbol>
      <symbol id="sm-11a5">
         <name>abort</name>
         <value>0x2001231b</value>
         <object_component_ref idref="oc-16d"/>
      </symbol>
      <symbol id="sm-11ba">
         <name>_nop</name>
         <value>0x2001035b</value>
         <object_component_ref idref="oc-3c8"/>
      </symbol>
      <symbol id="sm-11bb">
         <name>_lock</name>
         <value>0x20012988</value>
         <object_component_ref idref="oc-248"/>
      </symbol>
      <symbol id="sm-11bc">
         <name>_unlock</name>
         <value>0x2001298c</value>
         <object_component_ref idref="oc-248"/>
      </symbol>
      <symbol id="sm-11cb">
         <name>__TI_ltoa</name>
         <value>0x20010993</value>
         <object_component_ref idref="oc-73b"/>
      </symbol>
      <symbol id="sm-11e2">
         <name>atoi</name>
         <value>0x20010cb9</value>
         <object_component_ref idref="oc-527"/>
      </symbol>
      <symbol id="sm-11ed">
         <name>_ctypes_</name>
         <value>0x200129b8</value>
         <object_component_ref idref="oc-720"/>
      </symbol>
      <symbol id="sm-11fd">
         <name>memccpy</name>
         <value>0x20011d7d</value>
         <object_component_ref idref="oc-550"/>
      </symbol>
      <symbol id="sm-120d">
         <name>strchr</name>
         <value>0x20011fa9</value>
         <object_component_ref idref="oc-772"/>
      </symbol>
      <symbol id="sm-121b">
         <name>strlen</name>
         <value>0x20012075</value>
         <object_component_ref idref="oc-521"/>
      </symbol>
      <symbol id="sm-1231">
         <name>__aeabi_errno_addr</name>
         <value>0x200122d9</value>
         <object_component_ref idref="oc-55c"/>
      </symbol>
      <symbol id="sm-1232">
         <name>errno</name>
         <value>0x200129b0</value>
         <object_component_ref idref="oc-782"/>
      </symbol>
      <symbol id="sm-123c">
         <name>copysign</name>
         <value>0x2001226d</value>
         <object_component_ref idref="oc-8e8"/>
      </symbol>
      <symbol id="sm-123d">
         <name>copysignl</name>
         <value>0x2001226d</value>
         <object_component_ref idref="oc-8e8"/>
      </symbol>
      <symbol id="sm-123e">
         <name>__TI_static_base__</name>
         <value>0x20013330</value>
      </symbol>
      <symbol id="sm-1241">
         <name>ITM_flush</name>
         <value>0x0</value>
      </symbol>
      <symbol id="sm-1242">
         <name>ITM_restore</name>
         <value>0x0</value>
      </symbol>
      <symbol id="sm-1243">
         <name>__mpu_init</name>
         <value>0x0</value>
      </symbol>
      <symbol id="sm-1244">
         <name>_system_post_cinit</name>
         <value>0x0</value>
      </symbol>
      <symbol id="sm-1245">
         <name>NoRTOS_start</name>
         <value>0x2001220f</value>
      </symbol>
   </symbol_table>
   <title>Link successful</title>
</link_info>
