******************************************************************************
                  TI ARM Linker PC v20.2.5                     
******************************************************************************
>> Linked Sat Dec 18 16:32:18 2021

OUTPUT FILE NAME:   <gpiointerrupt_CC3220S_LAUNCHXL_nortos_ccs.out>
ENTRY POINT SYMBOL: "resetISR"  address: 20011dcd


MEMORY CONFIGURATION

         name            origin    length      used     unused   attr    fill
----------------------  --------  ---------  --------  --------  ----  --------
  SRAM2                 20000000   00004000  0000130c  00002cf4  RW X
  SRAM                  20004000   0003c000  0000f426  0002cbda  RW X
  LOG_DATA              90000000   00040000  00000000  00040000  R   


SEGMENT ALLOCATION MAP

run origin  load origin   length   init length attrs members
----------  ----------- ---------- ----------- ----- -------
20003000    20003000    00001000   00000000    rw-
  20003000    20003000    00001000   00000000    rw- .stack
20004000    20004000    00000040   00000040    r--
  20004000    20004000    00000040   00000040    r-- .resetVecs
20004040    20004040    00008000   00000000    rw-
  20004040    20004040    00008000   00000000    rw- .sysmem
2000c040    2000c040    000062de   000062de    r-x
  2000c040    2000c040    000062de   000062de    r-x .text
20012320    20012320    00000698   00000000    rw-
  20012320    20012320    00000698   00000000    rw- .data
200129b8    200129b8    000004e0   000004e0    r--
  200129b8    200129b8    000004e0   000004e0    r-- .const
20012e98    20012e98    00000498   00000000    rw-
  20012e98    20012e98    00000498   00000000    rw- .bss
20013330    20013330    000000f8   000000f8    r--
  20013330    20013330    000000f8   000000f8    r-- .cinit


SECTION ALLOCATION MAP

 output                                  attributes/
section   page    origin      length       input sections
--------  ----  ----------  ----------   ----------------
.text      0    2000c040    000062de     
                  2000c040    00000a4e     rtsv7M4_T_le_eabi.lib : _printfi.c.obj (.text:__TI_printfi)
                  2000ca8e    00000002     ti_drivers_config.obj (.text:Board_initHook)
                  2000ca90    0000042c     driverlib.a : prcm.obj (.text:PRCMCC3200MCUInit)
                  2000cebc    00000288     drivers_cc32xx.a : UARTCC32XX.oem4 (.text:UARTCC32XX_open)
                  2000d144    00000268     rtsv7M4_T_le_eabi.lib : _printfi.c.obj (.text:_pconv_a)
                  2000d3ac    000001cc                           : _printfi.c.obj (.text:_pconv_g)
                  2000d578    000001c8     gpiointerrupt.obj (.text:initI2C)
                  2000d740    000001b6     rtsv7M4_T_le_eabi.lib : fd_add_t2.asm.obj (.text)
                  2000d8f6    00000002     drivers_cc32xx.a : I2C.oem4 (.text:I2C_init)
                  2000d8f8    0000019c     nortos_cc32xx.a : PowerCC32XX_nortos.oem4 (.text:PowerCC32XX_sleepPolicy)
                  2000da94    00000154     drivers_cc32xx.a : GPIOCC32XX.oem4 (.text:GPIO_setConfig)
                  2000dbe8    00000148                      : I2CCC32XX.oem4 (.text:I2CCC32XX_hwiFxn)
                  2000dd30    00000148     gpiointerrupt.obj (.text:mainThread)
                  2000de78    00000148     drivers_cc32xx.a : PowerCC32XX.oem4 (.text:parkPins)
                  2000dfc0    0000013c     rtsv7M4_T_le_eabi.lib : _printfi.c.obj (.text:_pconv_e)
                  2000e0fc    00000138     drivers_cc32xx.a : PowerCC32XX.oem4 (.text:Power_sleep)
                  2000e234    00000138                      : TimerCC32XX.oem4 (.text:Timer_open)
                  2000e36c    00000136     rtsv7M4_T_le_eabi.lib : fd_div_t2.asm.obj (.text)
                  2000e4a2    00000122     drivers_cc32xx.a : I2C.oem4 (.text:I2C_transferTimeout)
                  2000e5c4    00000120                      : UARTCC32XX.oem4 (.text:UARTCC32XX_close)
                  2000e6e4    00000120     rtsv7M4_T_le_eabi.lib : _printfi.c.obj (.text:fcvt)
                  2000e804    00000100                           : memory.c.obj (.text:aligned_alloc)
                  2000e904    000000fc     drivers_cc32xx.a : I2CCC32XX.oem4 (.text:I2C_open)
                  2000ea00    000000fc     rtsv7M4_T_le_eabi.lib : fd_mul_t2.asm.obj (.text)
                  2000eafc    000000f2     drivers_cc32xx.a : UARTCC32XX.oem4 (.text:UARTCC32XX_control)
                  2000ebee    00000002     nortos_cc32xx.a : PowerCC32XX_nortos.oem4 (.text:PowerCC32XX_initPolicy)
                  2000ebf0    000000ec     gpiointerrupt.obj (.text:readTemp)
                  2000ecdc    000000e4     rtsv7M4_T_le_eabi.lib : memory.c.obj (.text:free)
                  2000edc0    000000d0                           : s_scalbn.c.obj (.text:scalbn)
                  2000ee90    000000ca     drivers_cc32xx.a : UARTCC32XX.oem4 (.text:UARTCC32XX_write)
                  2000ef5a    00000002     nortos_cc32xx.a : SemaphoreP_nortos.oem4 (.text:SemaphoreP_destruct)
                  2000ef5c    000000c0     drivers_cc32xx.a : PowerCC32XX.oem4 (.text:restoreParkedPins)
                  2000f01c    000000ba                      : UARTCC32XX.oem4 (.text:UARTCC32XX_readPolling)
                  2000f0d6    00000002                      : Timer.oem4 (.text:Timer_init)
                  2000f0d8    000000b8                      : UARTCC32XX.oem4 (.text:initHw)
                  2000f190    000000b6                      : UARTCC32XX.oem4 (.text:readTaskCallback)
                  2000f246    000000b2                      : I2CCC32XX.oem4 (.text:I2CCC32XX_completeTransfer)
                  2000f2f8    000000b1     rtsv7M4_T_le_eabi.lib : _printfi.c.obj (.text:_ltostr)
                  2000f3a9    00000001     --HOLE-- [fill = 0]
                  2000f3aa    000000b0     drivers_cc32xx.a : UARTCC32XX.oem4 (.text:readTaskBlocking)
                  2000f45a    000000ae                      : UARTCC32XX.oem4 (.text:readIsrTextBlocking)
                  2000f508    000000a8                      : I2CCC32XX.oem4 (.text:I2CCC32XX_primeWriteBurst)
                  2000f5b0    000000a8     driverlib.a : interrupt.obj (.text:IntEnable)
                  2000f658    000000a8     drivers_cc32xx.a : PowerCC32XX.oem4 (.text:PowerCC32XX_configureWakeup)
                  2000f700    000000a2                      : UARTCC32XX.oem4 (.text:readIsrTextCallback)
                  2000f7a2    000000a2                      : UARTCC32XX.oem4 (.text:writeData)
                  2000f844    000000a0     nortos_cc32xx.a : SemaphoreP_nortos.oem4 (.text:SemaphoreP_pend)
                  2000f8e4    0000009c     drivers_cc32xx.a : I2CCC32XX.oem4 (.text:I2CCC32XX_initHw)
                  2000f980    0000009c     rtsv7M4_T_le_eabi.lib : memcpy_t2.asm.obj (.text)
                  2000fa1c    00000096                           : ull_div_t2.asm.obj (.text)
                  2000fab2    00000002     drivers_cc32xx.a : UARTCC32XX.oem4 (.text:UARTCC32XX_init)
                  2000fab4    00000090                      : GPIOCC32XX.oem4 (.text:GPIO_init)
                  2000fb44    00000090                      : PowerCC32XX.oem4 (.text:restoreNVICRegs)
                  2000fbd4    0000008c     nortos_cc32xx.a : HwiPCC32XX_nortos.oem4 (.text:HwiP_construct)
                  2000fc60    00000088     driverlib.a : interrupt.obj (.text:IntPendSet)
                  2000fce8    00000088                 : pin.obj (.text:PinConfigSet)
                  2000fd70    00000086     rtsv7M4_T_le_eabi.lib : fd_cmp_t2.asm.obj (.text:__aeabi_cdcmple)
                  2000fdf6    00000086                           : fd_cmp_t2.asm.obj (.text:__aeabi_cdrcmple)
                  2000fe7c    00000084     drivers_cc32xx.a : PowerCC32XX.oem4 (.text:Power_init)
                  2000ff00    00000084                      : PowerCC32XX.oem4 (.text:saveNVICRegs)
                  2000ff84    00000080                      : GPIOCC32XX.oem4 (.text:GPIO_write)
                  20010004    00000080                      : PowerCC32XX.oem4 (.text:Power_setDependency)
                  20010084    0000007c                      : UARTCC32XX.oem4 (.text:readIsrBinaryBlocking)
                  20010100    0000007a                      : I2CCC32XX.oem4 (.text:I2CCC32XX_primeReadBurst)
                  2001017a    0000007a     rtsv7M4_T_le_eabi.lib : fs_mul_t2.asm.obj (.text)
                  200101f4    0000007a                           : memset_t2.asm.obj (.text)
                  2001026e    00000078     drivers_cc32xx.a : UARTCC32XX.oem4 (.text:readIsrBinaryCallback)
                  200102e6    00000074                      : UARTCC32XX.oem4 (.text:UARTCC32XX_hwiIntFxn)
                  2001035a    00000002     rtsv7M4_T_le_eabi.lib : _lock.c.obj (.text:_nop)
                  2001035c    00000074     drivers_cc32xx.a : GPIOCC32XX.oem4 (.text:powerNotifyFxn)
                  200103d0    00000070     rtsv7M4_T_le_eabi.lib : memory.c.obj (.text:split)
                  20010440    0000006e                           : _printfi.c.obj (.text:_mcpy)
                  200104ae    0000006a     drivers_cc32xx.a : I2CCC32XX.oem4 (.text:I2CSupport_primeTransfer)
                  20010518    00000068     rtsv7M4_T_le_eabi.lib : copy_decompress_lzss.c.obj (.text:decompress:lzss:__TI_decompress_lzss)
                  20010580    00000066     drivers_cc32xx.a : UARTCC32XX.oem4 (.text:UARTCC32XX_writeCancel)
                  200105e6    00000002     nortos_cc32xx.a : startup_cc32xx_ccs.oem4 (.text:busFaultHandler)
                  200105e8    00000064     drivers_cc32xx.a : GPIOCC32XX.oem4 (.text:GPIO_setInterruptConfig)
                  2001064c    00000064                      : PowerCC32XX.oem4 (.text:PowerCC32XX_setParkState)
                  200106b0    00000062                      : UARTCC32XX.oem4 (.text:UARTCC32XX_writePolling)
                  20010712    00000002     nortos_cc32xx.a : SemaphoreP_nortos.oem4 (.text:clkFxn)
                  20010714    00000060     drivers_cc32xx.a : GPIOCC32XX.oem4 (.text:GPIO_hwiIntFxn)
                  20010774    00000060     driverlib.a : prcm.obj (.text:PRCMSysResetCauseGet)
                  200107d4    0000005c     rtsv7M4_T_le_eabi.lib : s_frexp.c.obj (.text:frexp)
                  20010830    0000005c     nortos_cc32xx.a : ClockPSysTick_nortos.oem4 (.text:sysTickInit)
                  2001088c    00000058     driverlib.a : prcm.obj (.text:PRCMPeripheralReset)
                  200108e4    00000058     drivers_cc32xx.a : PowerCC32XX.oem4 (.text:Power_releaseDependency)
                  2001093c    00000056     rtsv7M4_T_le_eabi.lib : _printfi.c.obj (.text:_pconv_f)
                  20010992    00000054                           : _ltoa.c.obj (.text:__TI_ltoa)
                  200109e6    00000054     drivers_cc32xx.a : UARTCC32XX.oem4 (.text:ringBufGet)
                  20010a3a    00000052                      : PowerCC32XX_asm.oem4 (.text:PowerCC32XX_resumeLPDS)
                  20010a8c    00000052     rtsv7M4_T_le_eabi.lib : _printfi.c.obj (.text:_ecpy)
                  20010ade    00000052     drivers_cc32xx.a : TimerCC32XX.oem4 (.text:initHw)
                  20010b30    00000050     nortos_cc32xx.a : ClockPSysTick_nortos.oem4 (.text:ClockP_sysTickHandler)
                  20010b80    00000050                     : SemaphoreP_nortos.oem4 (.text:SemaphoreP_construct)
                  20010bd0    00000050     drivers_cc32xx.a : TimerCC32XX.oem4 (.text:TimerCC32XX_allocateTimerResource)
                  20010c20    0000004c                      : I2CCC32XX.oem4 (.text:I2CCC32XX_readRecieveFifo)
                  20010c6c    0000004c                      : PowerCC32XX.oem4 (.text:PowerCC32XX_parkPin)
                  20010cb8    0000004c     rtsv7M4_T_le_eabi.lib : atoi.c.obj (.text:atoi)
                  20010d04    0000004c     drivers_cc32xx.a : PowerCC32XX.oem4 (.text:restorePeriphClocks)
                  20010d50    0000004c     rtsv7M4_T_le_eabi.lib : snprintf.c.obj (.text:snprintf)
                  20010d9c    00000048     driverlib.a : flash.obj (.text:FlashDisable)
                  20010de4    00000048     drivers_cc32xx.a : GPIOCC32XX.oem4 (.text:GPIO_disableInt)
                  20010e2c    00000048                      : GPIOCC32XX.oem4 (.text:GPIO_enableInt)
                  20010e74    00000048     driverlib.a : prcm.obj (.text:PRCMLPDSEnter)
                  20010ebc    00000048                 : prcm.obj (.text:PRCMPeripheralClkEnable)
                  20010f04    00000048     drivers_cc32xx.a : PowerCC32XX.oem4 (.text:Power_releaseConstraint)
                  20010f4c    00000048     gpiointerrupt.obj (.text:initTimer)
                  20010f94    00000048     rtsv7M4_T_le_eabi.lib : fd_toi_t2.asm.obj (.text)
                  20010fdc    00000046     drivers_cc32xx.a : RingBuf.oem4 (.text:RingBuf_put)
                  20011022    00000046                      : TimerCC32XX.oem4 (.text:getPrescaler)
                  20011068    00000044     nortos_cc32xx.a : ClockPSysTick_nortos.oem4 (.text:ClockP_stop)
                  200110ac    00000044     driverlib.a : prcm.obj (.text:PRCMLPDSRestoreInfoSet)
                  200110f0    00000044     drivers_cc32xx.a : PowerCC32XX_asm.oem4 (.text:PowerCC32XX_enterLPDS)
                  20011134    00000044     nortos_cc32xx.a : SemaphoreP_nortos.oem4 (.text:SemaphoreP_post)
                  20011178    00000044                     : SwiP_nortos.oem4 (.text:SwiP_restore)
                  200111bc    00000044     drivers_cc32xx.a : Timer.oem4 (.text:Timer_start)
                  20011200    00000044                      : UART.oem4 (.text:UART_init)
                  20011244    00000044     rtsv7M4_T_le_eabi.lib : autoinit.c.obj (.text:__TI_auto_init_nobinit_nopinit:__TI_auto_init_nobinit_nopinit)
                  20011288    00000040     nortos_cc32xx.a : ClockPSysTick_nortos.oem4 (.text:ClockP_construct)
                  200112c8    00000040     driverlib.a : pin.obj (.text:PinModeSet)
                  20011308    00000040     drivers_cc32xx.a : RingBuf.oem4 (.text:RingBuf_get)
                  20011348    00000040                      : TimerCC32XX.oem4 (.text:TimerSupport_timerEnable)
                  20011388    00000040                      : TimerCC32XX.oem4 (.text:Timer_close)
                  200113c8    00000040                      : UARTCC32XX.oem4 (.text:UARTCC32XX_read)
                  20011408    00000040                      : UART.oem4 (.text:UART_open)
                  20011448    0000003e     rtsv7M4_T_le_eabi.lib : _printfi.c.obj (.text:_fcpy)
                  20011486    00000002     nortos_cc32xx.a : startup_cc32xx_ccs.oem4 (.text:defaultHandler)
                  20011488    0000003c                     : ClockPSysTick_nortos.oem4 (.text:ClockP_destruct)
                  200114c4    0000003c     drivers_cc32xx.a : PowerCC32XX.oem4 (.text:Power_setConstraint)
                  20011500    0000003c     gpiointerrupt.obj (.text:initUART)
                  2001153c    0000003a     nortos_cc32xx.a : PowerCC32XX_nortos.oem4 (.text:getCountsRTC)
                  20011576    00000002                     : startup_cc32xx_ccs.oem4 (.text:faultISR)
                  20011578    00000038     driverlib.a : prcm.obj (.text:PRCMLPDSEnterKeepDebugIf)
                  200115b0    00000038     nortos_cc32xx.a : ClockPSysTick_nortos.oem4 (.text:addToList)
                  200115e8    00000038                     : startup_cc32xx_ccs.oem4 (.text:initVectors)
                  20011620    00000038     drivers_cc32xx.a : PowerCC32XX.oem4 (.text:notify)
                  20011658    00000038     rtsv7M4_T_le_eabi.lib : fs_toi_t2.asm.obj (.text)
                  20011690    00000038                           : i_tofs_t2.asm.obj (.text)
                  200116c8    00000036     driverlib.a : timer.obj (.text:TimerControlStall)
                  200116fe    00000036     drivers_cc32xx.a : Timer.oem4 (.text:Timer_stop)
                  20011734    00000036                      : UARTCC32XX.oem4 (.text:UARTCC32XX_readCancel)
                  2001176a    00000002     nortos_cc32xx.a : startup_cc32xx_ccs.oem4 (.text:nmiISR)
                  2001176c    00000034                     : ClockPSysTick_nortos.oem4 (.text:ClockP_getTicksUntilInterrupt)
                  200117a0    00000034                     : ClockPSysTick_nortos.oem4 (.text:ClockP_startup)
                  200117d4    00000034     driverlib.a : pin.obj (.text:PinModeGet)
                  20011808    00000034     drivers_cc32xx.a : PowerCC32XX.oem4 (.text:PowerCC32XX_restoreParkState)
                  2001183c    00000034                      : TimerCC32XX.oem4 (.text:TimerCC32XX_freeTimerResource)
                  20011870    00000034                      : TimerCC32XX.oem4 (.text:TimerCC32XX_hwiIntFunction)
                  200118a4    00000034                      : TimerCC32XX.oem4 (.text:getPowerMgrId)
                  200118d8    00000030     nortos_cc32xx.a : ClockPSysTick_nortos.oem4 (.text:ClockP_start)
                  20011908    00000030     drivers_cc32xx.a : PowerCC32XX.oem4 (.text:PowerCC32XX_restoreParkedPin)
                  20011938    00000030     rtsv7M4_T_le_eabi.lib : snprintf.c.obj (.text:_outs)
                  20011968    0000002e                           : i_tofd_t2.asm.obj (.text)
                  20011996    00000002                           : div0.asm.obj (.text)
                  20011998    0000002c     drivers_cc32xx.a : PowerCC32XX.oem4 (.text:PowerCC32XX_getParkState)
                  200119c4    0000002a     nortos_cc32xx.a : HwiPCC32XX_nortos.oem4 (.text:HwiP_create)
                  200119ee    0000002a     driverlib.a : timer.obj (.text:TimerLoadSet)
                  20011a18    0000002a                 : timer.obj (.text:TimerPrescaleSet)
                  20011a42    00000028                 : i2c.obj (.text:I2CFIFODataPutNonBlocking)
                  20011a6a    00000002     --HOLE-- [fill = 0]
                  20011a6c    00000028                 : prcm.obj (.text:PRCMPeripheralClkDisable)
                  20011a94    00000028     drivers_cc32xx.a : PowerCC32XX.oem4 (.text:Power_registerNotify)
                  20011abc    00000028     rtsv7M4_T_le_eabi.lib : memory.c.obj (.text:free_list_insert)
                  20011ae4    00000026     driverlib.a : i2c.obj (.text:I2CFIFODataGetNonBlocking)
                  20011b0a    00000026     drivers_cc32xx.a : I2C.oem4 (.text:I2C_cancel)
                  20011b30    00000026                      : List.oem4 (.text:List_put)
                  20011b56    00000026                      : List.oem4 (.text:List_remove)
                  20011b7c    00000024     nortos_cc32xx.a : HwiPCC32XX_nortos.oem4 (.text:HwiP_dispatch)
                  20011ba0    00000024     drivers_cc32xx.a : PowerCC32XX.oem4 (.text:PowerCC32XX_reset)
                  20011bc4    00000024                      : TimerCC32XX.oem4 (.text:TimerSupport_timerDisable)
                  20011be8    00000024     rtsv7M4_T_le_eabi.lib : boot_cortex_m.c.obj (.text:_c_int00_noargs:_c_int00_noargs)
                  20011c0c    00000022     driverlib.a : i2c.obj (.text:I2CMasterSlaveAddrSet)
                  20011c2e    00000020     nortos_cc32xx.a : HwiPCC32XX_nortos.oem4 (.text:HwiP_destruct)
                  20011c4e    00000002     --HOLE-- [fill = 0]
                  20011c50    00000020     drivers_cc32xx.a : PowerCC32XX.oem4 (.text:Power_unregisterNotify)
                  20011c70    00000020                      : RingBuf.oem4 (.text:RingBuf_peek)
                  20011c90    00000020                      : UARTCC32XX.oem4 (.text:getPowerMgrId)
                  20011cb0    0000001e     driverlib.a : i2c.obj (.text:I2CMasterIntStatusEx)
                  20011cce    0000001e     nortos_cc32xx.a : SemaphoreP_nortos.oem4 (.text:SemaphoreP_constructBinary)
                  20011cec    0000001e     driverlib.a : timer.obj (.text:TimerDisable)
                  20011d0a    0000001e                 : timer.obj (.text:TimerEnable)
                  20011d28    0000001c                 : pin.obj (.text:PinToPadGet)
                  20011d44    0000001c     nortos_cc32xx.a : SwiP_nortos.oem4 (.text:SwiP_disable)
                  20011d60    0000001c     rtsv7M4_T_le_eabi.lib : memory.c.obj (.text:free_list_remove)
                  20011d7c    0000001c                           : memccpy.c.obj (.text:memccpy)
                  20011d98    0000001a     nortos_cc32xx.a : ClockPSysTick_nortos.oem4 (.text:ClockP_create)
                  20011db2    0000001a                     : SemaphoreP_nortos.oem4 (.text:SemaphoreP_createBinary)
                  20011dcc    0000001a                     : startup_cc32xx_ccs.oem4 (.text:resetISR)
                  20011de6    00000002     --HOLE-- [fill = 0]
                  20011de8    00000018     drivers_cc32xx.a : GPIO.oem4 (.text:GPIO_setCallback)
                  20011e00    00000018     driverlib.a : i2c.obj (.text:I2CMasterBusBusy)
                  20011e18    00000018                 : i2c.obj (.text:I2CMasterIntDisableEx)
                  20011e30    00000018                 : i2c.obj (.text:I2CMasterIntEnableEx)
                  20011e48    00000018                 : i2c.obj (.text:I2CRxFIFOFlush)
                  20011e60    00000018                 : i2c.obj (.text:I2CTxFIFOFlush)
                  20011e78    00000018     drivers_cc32xx.a : PowerCC32XX.oem4 (.text:Power_getTransitionLatency)
                  20011e90    00000018                      : PowerCC32XX.oem4 (.text:Power_idleFunc)
                  20011ea8    00000018     driverlib.a : timer.obj (.text:TimerIntDisable)
                  20011ec0    00000018                 : timer.obj (.text:TimerIntEnable)
                  20011ed8    00000018                 : uart.obj (.text:UARTBusy)
                  20011ef0    00000018                 : uart.obj (.text:UARTIntEnable)
                  20011f08    00000018     drivers_cc32xx.a : UART.oem4 (.text:UART_Params_init)
                  20011f20    00000018     rtsv7M4_T_le_eabi.lib : snprintf.c.obj (.text:_outc)
                  20011f38    00000018                           : ll_mul_t2.asm.obj (.text)
                  20011f50    00000016     driverlib.a : i2c.obj (.text:I2CMasterBurstLengthSet)
                  20011f66    00000016                 : prcm.obj (.text:PRCMHIBRegRead)
                  20011f7c    00000016                 : prcm.obj (.text:PRCMHIBRegWrite)
                  20011f92    00000016     nortos_cc32xx.a : SemaphoreP_nortos.oem4 (.text:SemaphoreP_create)
                  20011fa8    00000016     rtsv7M4_T_le_eabi.lib : strchr.c.obj (.text:strchr)
                  20011fbe    00000014     ti_drivers_config.obj (.text:Board_init)
                  20011fd2    00000014     driverlib.a : cpu.obj (.text:CPUcpsid)
                  20011fe6    00000002     --HOLE-- [fill = 0]
                  20011fe8    00000014     nortos_cc32xx.a : HwiPCC32XX_nortos.oem4 (.text:HwiP_inISR)
                  20011ffc    00000014     drivers_cc32xx.a : I2CCC32XX.oem4 (.text:I2CSupport_masterFinish)
                  20012010    00000014                      : I2C.oem4 (.text:I2C_transfer)
                  20012024    00000014     driverlib.a : interrupt.obj (.text:IntVTableBaseSet)
                  20012038    00000014     drivers_cc32xx.a : PowerCC32XX.oem4 (.text:Power_disablePolicy)
                  2001204c    00000014                      : PowerCC32XX.oem4 (.text:Power_getDependencyCount)
                  20012060    00000014                      : UARTCC32XX.oem4 (.text:releasePowerConstraint)
                  20012074    00000014     rtsv7M4_T_le_eabi.lib : strlen.c.obj (.text:strlen)
                  20012088    00000012     nortos_cc32xx.a : HwiPCC32XX_nortos.oem4 (.text:HwiP_Params_init)
                  2001209a    00000012     driverlib.a : i2c.obj (.text:I2CMasterIntClearEx)
                  200120ac    00000012     drivers_cc32xx.a : RingBuf.oem4 (.text:RingBuf_construct)
                  200120be    00000012     driverlib.a : timer.obj (.text:TimerIntClear)
                  200120d0    00000012     main_nortos.obj (.text:main)
                  200120e2    00000012     rtsv7M4_T_le_eabi.lib : wcslen.c.obj (.text:wcslen)
                  200120f4    00000010     nortos_cc32xx.a : ClockPSysTick_nortos.oem4 (.text:ClockP_add)
                  20012104    00000010                     : ClockPSysTick_nortos.oem4 (.text:ClockP_delete)
                  20012114    00000010                     : ClockPSysTick_nortos.oem4 (.text:ClockP_getCpuFreq)
                  20012124    00000010                     : ClockPSysTick_nortos.oem4 (.text:ClockP_getSystemTicks)
                  20012134    00000010                     : ClockPSysTick_nortos.oem4 (.text:ClockP_setTicks)
                  20012144    00000010                     : HwiPCC32XX_nortos.oem4 (.text:HwiP_delete)
                  20012154    00000010                     : HwiPCC32XX_nortos.oem4 (.text:HwiP_restore)
                  20012164    00000010     driverlib.a : i2c.obj (.text:I2CFIFOStatus)
                  20012174    00000010     drivers_cc32xx.a : I2C.oem4 (.text:I2C_Params_init)
                  20012184    00000010                      : PowerCC32XX.oem4 (.text:Power_enablePolicy)
                  20012194    00000010     nortos_cc32xx.a : SemaphoreP_nortos.oem4 (.text:SemaphoreP_Params_init)
                  200121a4    00000010     drivers_cc32xx.a : Timer.oem4 (.text:Timer_Params_init)
                  200121b4    00000010     gpiointerrupt.obj (.text:gpioButtonFxn0)
                  200121c4    00000010     gpiointerrupt.obj (.text:gpioButtonFxn1)
                  200121d4    00000010     drivers_cc32xx.a : UARTCC32XX.oem4 (.text:readBlockingTimeout)
                  200121e4    0000000e     nortos_cc32xx.a : HwiPCC32XX_nortos.oem4 (.text:HwiP_clearInterrupt)
                  200121f2    0000000e                     : HwiPCC32XX_nortos.oem4 (.text:HwiP_disable)
                  20012200    0000000e                     : HwiPCC32XX_nortos.oem4 (.text:HwiP_disableInterrupt)
                  2001220e    0000000e                     : HwiPCC32XX_nortos.oem4 (.text:HwiP_enable)
                  2001221c    0000000e                     : HwiPCC32XX_nortos.oem4 (.text:HwiP_enableInterrupt)
                  2001222a    0000000e     drivers_cc32xx.a : I2CCC32XX.oem4 (.text:I2CCC32XX_updateReg)
                  20012238    0000000e                      : RingBuf.oem4 (.text:RingBuf_isFull)
                  20012246    0000000e     rtsv7M4_T_le_eabi.lib : copy_decompress_none.c.obj (.text:decompress:none:__TI_decompress_none)
                  20012254    0000000c     drivers_cc32xx.a : I2CCC32XX.oem4 (.text:I2CCC32XX_postNotify)
                  20012260    0000000c                      : PowerCC32XX.oem4 (.text:Power_getConstraintMask)
                  2001226c    0000000c     rtsv7M4_T_le_eabi.lib : s_copysign.c.obj (.text:copysign)
                  20012278    0000000c                           : copy_zero_init.c.obj (.text:decompress:ZI:__TI_zero_init)
                  20012284    0000000c     drivers_cc32xx.a : TimerCC32XX.oem4 (.text:postNotifyFxn)
                  20012290    0000000c                      : UARTCC32XX.oem4 (.text:postNotifyFxn)
                  2001229c    0000000c     gpiointerrupt.obj (.text:timerCallback)
                  200122a8    0000000a     nortos_cc32xx.a : ClockPSysTick_nortos.oem4 (.text:ClockP_Params_init)
                  200122b2    0000000a                     : ClockPSysTick_nortos.oem4 (.text:ClockP_isActive)
                  200122bc    0000000a     driverlib.a : interrupt.obj (.text:IntMasterDisable)
                  200122c6    0000000a     drivers_cc32xx.a : UART.oem4 (.text:UART_write)
                  200122d0    00000008                      : I2CCC32XX.oem4 (.text:I2CCC32XX_blockingCallback)
                  200122d8    00000008     rtsv7M4_T_le_eabi.lib : errno.c.obj (.text:__aeabi_errno_addr)
                  200122e0    00000008                           : memory.c.obj (.text:malloc)
                  200122e8    00000008     drivers_cc32xx.a : UARTCC32XX.oem4 (.text:readSemCallback)
                  200122f0    00000008                      : UARTCC32XX.oem4 (.text:writeSemCallback)
                  200122f8    00000006                      : I2CCC32XX.oem4 (.text:I2CSupport_powerRelConstraint)
                  200122fe    00000006                      : I2CCC32XX.oem4 (.text:I2CSupport_powerSetConstraint)
                  20012304    00000006     driverlib.a : utils.obj (.text:UtilsDelay)
                  2001230a    00000004     nortos_cc32xx.a : ClockPSysTick_nortos.oem4 (.text:ClockP_setTimeout)
                  2001230e    00000004                     : HwiPCC32XX_nortos.oem4 (.text:HwiP_post)
                  20012312    00000004                     : SemaphoreP_nortos.oem4 (.text:SemaphoreP_delete)
                  20012316    00000004     rtsv7M4_T_le_eabi.lib : pre_init.c.obj (.text:_system_pre_init)
                  2001231a    00000004                           : exit.c.obj (.text:abort:abort)

.const     0    200129b8    000004e0     
                  200129b8    00000101     rtsv7M4_T_le_eabi.lib : ctype.c.obj (.const:.string:_ctypes_)
                  20012ab9    00000003     --HOLE-- [fill = 0]
                  20012abc    00000100     driverlib.a : pin.obj (.const:g_ulPinToPadMap)
                  20012bbc    000000a8                 : prcm.obj (.const:PRCM_PeriphRegsList)
                  20012c64    00000044     ti_drivers_config.obj (.const:PowerCC32XX_config)
                  20012ca8    00000028     drivers_cc32xx.a : UARTCC32XX.oem4 (.const:UARTCC32XX_fxnTable)
                  20012cd0    00000028                      : GPIOCC32XX.oem4 (.const:portConfigs)
                  20012cf8    00000024                      : UART.oem4 (.const:UART_defaultParams)
                  20012d1c    00000024     ti_drivers_config.obj (.const:uartCC32XXHWAttrs0)
                  20012d40    00000021     drivers_cc32xx.a : GPIOCC32XX.oem4 (.const:.string:pinTable)
                  20012d61    00000003     --HOLE-- [fill = 0]
                  20012d64    00000020                      : UARTCC32XX.oem4 (.const:staticFxnTable)
                  20012d84    00000018     driverlib.a : interrupt.obj (.const:g_pulEnRegs)
                  20012d9c    00000018                 : interrupt.obj (.const:g_pulPendRegs)
                  20012db4    00000018     gpiointerrupt.obj (.const:sensors)
                  20012dcc    00000014     ti_drivers_config.obj (.const:i2cCC32XXHWAttrs)
                  20012de0    00000014     drivers_cc32xx.a : UARTCC32XX.oem4 (.const:parityType)
                  20012df4    00000010     ti_drivers_config.obj (.const:GPIO_config)
                  20012e04    00000010     drivers_cc32xx.a : I2C.oem4 (.const:I2C_defaultParams)
                  20012e14    00000010                      : I2CCC32XX.oem4 (.const:I2C_defaultParams)
                  20012e24    00000010                      : UARTCC32XX.oem4 (.const:dataLength)
                  20012e34    00000010     ti_drivers_config.obj (.const:timerCC32XXHWAttrs)
                  20012e44    0000000c     gpiointerrupt.obj (.const:.string)
                  20012e50    0000000c     ti_drivers_config.obj (.const:UART_config)
                  20012e5c    0000000c     drivers_cc32xx.a : Timer.oem4 (.const:defaultParams)
                  20012e68    0000000c                      : TimerCC32XX.oem4 (.const:defaultParams)
                  20012e74    0000000b     ti_drivers_config.obj (.const)
                  20012e7f    00000001     --HOLE-- [fill = 0]
                  20012e80    00000008     ti_drivers_config.obj (.const:I2C_config)
                  20012e88    00000008     ti_drivers_config.obj (.const:Timer_config)
                  20012e90    00000008     drivers_cc32xx.a : UARTCC32XX.oem4 (.const:stopBits)

.cinit     0    20013330    000000f8     
                  20013330    000000cf     (.cinit..data.load) [load image, compression = lzss]
                  200133ff    00000001     --HOLE-- [fill = 0]
                  20013400    0000000c     (__TI_handler_table)
                  2001340c    00000004     --HOLE-- [fill = 0]
                  20013410    00000008     (.cinit..bss.load) [load image, compression = zero_init]
                  20013418    00000010     (__TI_cinit_table)

.init_array 
*          0    20004000    00000000     UNINITIALIZED

.ramVecs   0    20000000    0000030c     NOLOAD SECTION
                  20000000    0000030c     nortos_cc32xx.a : startup_cc32xx_ccs.oem4 (.ramVecs)

.stack     0    20003000    00001000     UNINITIALIZED
                  20003000    00000004     rtsv7M4_T_le_eabi.lib : boot_cortex_m.c.obj (.stack)
                  20003004    00000ffc     --HOLE--

.resetVecs 
*          0    20004000    00000040     
                  20004000    00000040     nortos_cc32xx.a : startup_cc32xx_ccs.oem4 (.resetVecs:retain)

.sysmem    0    20004040    00008000     UNINITIALIZED
                  20004040    00000010     rtsv7M4_T_le_eabi.lib : memory.c.obj (.sysmem)
                  20004050    00007ff0     --HOLE--

.data      0    20012320    00000698     UNINITIALIZED
                  20012320    0000030c     nortos_cc32xx.a : HwiPCC32XX_nortos.oem4 (.data:HwiP_dispatchTable)
                  2001262c    0000016c     drivers_cc32xx.a : PowerCC32XX.oem4 (.data:PowerCC32XX_module)
                  20012798    000000f8     ti_drivers_config.obj (.data:parkInfo)
                  20012890    00000084     ti_drivers_config.obj (.data:gpioPinConfigs)
                  20012914    00000074     gpiointerrupt.obj (.data:$O1$$)
                  20012988    00000008     rtsv7M4_T_le_eabi.lib : _lock.c.obj (.data:$O1$$)
                  20012990    00000008                           : memory.c.obj (.data:$O1$$)
                  20012998    00000008     nortos_cc32xx.a : SemaphoreP_nortos.oem4 (.data:SemaphoreP_defaultParams)
                  200129a0    00000008                     : HwiPCC32XX_nortos.oem4 (.data)
                  200129a8    00000005                     : ClockPSysTick_nortos.oem4 (.data)
                  200129ad    00000003                     : SemaphoreP_nortos.oem4 (.data)
                  200129b0    00000004     rtsv7M4_T_le_eabi.lib : errno.c.obj (.data)
                  200129b4    00000002     drivers_cc32xx.a : GPIOCC32XX.oem4 (.data)
                  200129b6    00000001                      : UART.oem4 (.data)
                  200129b7    00000001     gpiointerrupt.obj (.data)

.bss       0    20012e98    00000498     UNINITIALIZED
                  20012e98    0000012c     (.common:PowerCC32XX_contextSave)
                  20012fc4    000000fc     (.common:i2cCC32XXObjects)
                  200130c0    00000084     (.common:gpioCallbackFunctions)
                  20013144    00000084     (.common:gpioUserArgs)
                  200131c8    00000084     (.common:timerCC32XXObjects)
                  2001324c    00000084     (.common:uartCC32XXObjects0)
                  200132d0    00000020     ti_drivers_config.obj (.bss:uartCC32XXRingBuffer0)
                  200132f0    00000014     drivers_cc32xx.a : GPIOCC32XX.oem4 (.bss:powerNotifyObj)
                  20013304    00000004                      : GPIOCC32XX.oem4 (.bss)
                  20013308    00000010     (.common:ClockP_ctrl)
                  20013318    0000000d     nortos_cc32xx.a : SwiP_nortos.oem4 (.bss)
                  20013325    00000003     --HOLE--
                  20013328    00000004                     : ClockPSysTick_nortos.oem4 (.bss)
                  2001332c    00000004     drivers_cc32xx.a : TimerCC32XX.oem4 (.bss:timerState)

.log_data 
*          0    90000000    00000000     COPY SECTION

__llvm_prf_cnts 
*          0    20004000    00000000     UNINITIALIZED

MODULE SUMMARY

       Module                       code    ro data   rw data
       ------                       ----    -------   -------
    .\
       gpiointerrupt.obj            1196    36        117    
       main_nortos.obj              18      0         0      
    +--+----------------------------+-------+---------+---------+
       Total:                       1214    36        117    
                                                             
    .\syscfg\
       ti_drivers_config.obj        22      195       1192   
    +--+----------------------------+-------+---------+---------+
       Total:                       22      195       1192   
                                                             
    C:/ti/simplelink_cc32xx_sdk_5_30_00_08/kernel/nortos/lib/ccs/m4/nortos_cc32xx.a
       HwiPCC32XX_nortos.oem4       394     0         788    
       startup_cc32xx_ccs.oem4      90      64        780    
       ClockPSysTick_nortos.oem4    702     0         25     
       PowerCC32XX_nortos.oem4      472     0         0      
       SemaphoreP_nortos.oem4       410     0         11     
       SwiP_nortos.oem4             96      0         13     
    +--+----------------------------+-------+---------+---------+
       Total:                       2164    64        1617   
                                                             
    C:/ti/simplelink_cc32xx_sdk_5_30_00_08/source/ti/devices/cc32xx/driverlib/ccs/Release/driverlib.a
       prcm.obj                     1604    168       0      
       pin.obj                      280     256       0      
       interrupt.obj                334     48        0      
       i2c.obj                      318     0         0      
       timer.obj                    264     0         0      
       flash.obj                    72      0         0      
       uart.obj                     48      0         0      
       cpu.obj                      20      0         0      
       utils.obj                    6       0         0      
    +--+----------------------------+-------+---------+---------+
       Total:                       2946    472       0      
                                                             
    C:/ti/simplelink_cc32xx_sdk_5_30_00_08/source/ti/drivers/lib/ccs/m4/drivers_cc32xx.a
       UARTCC32XX.oem4              3466    116       0      
       PowerCC32XX.oem4             2432    0         664    
       I2CCC32XX.oem4               1452    16        0      
       GPIOCC32XX.oem4              1068    73        26     
       TimerCC32XX.oem4             876     12        4      
       I2C.oem4                     366     16        0      
       UART.oem4                    166     36        1      
       RingBuf.oem4                 198     0         0      
       Timer.oem4                   140     12        0      
       PowerCC32XX_asm.oem4         150     0         0      
       List.oem4                    76      0         0      
       GPIO.oem4                    24      0         0      
    +--+----------------------------+-------+---------+---------+
       Total:                       10414   281       695    
                                                             
    C:\ti\ccs1040\ccs\tools\compiler\ti-cgt-arm_20.2.5.LTS\lib\rtsv7M4_T_le_eabi.lib
       _printfi.c.obj               4835    0         0      
       memory.c.obj                 672     0         8      
       fd_add_t2.asm.obj            438     0         0      
       fd_div_t2.asm.obj            310     0         0      
       fd_cmp_t2.asm.obj            268     0         0      
       ctype.c.obj                  0       257       0      
       fd_mul_t2.asm.obj            252     0         0      
       s_scalbn.c.obj               208     0         0      
       memcpy_t2.asm.obj            156     0         0      
       ull_div_t2.asm.obj           150     0         0      
       snprintf.c.obj               148     0         0      
       fs_mul_t2.asm.obj            122     0         0      
       memset_t2.asm.obj            122     0         0      
       copy_decompress_lzss.c.obj   104     0         0      
       s_frexp.c.obj                92      0         0      
       _ltoa.c.obj                  84      0         0      
       atoi.c.obj                   76      0         0      
       fd_toi_t2.asm.obj            72      0         0      
       autoinit.c.obj               68      0         0      
       fs_toi_t2.asm.obj            56      0         0      
       i_tofs_t2.asm.obj            56      0         0      
       i_tofd_t2.asm.obj            46      0         0      
       boot_cortex_m.c.obj          36      0         0      
       memccpy.c.obj                28      0         0      
       ll_mul_t2.asm.obj            24      0         0      
       strchr.c.obj                 22      0         0      
       strlen.c.obj                 20      0         0      
       wcslen.c.obj                 18      0         0      
       copy_decompress_none.c.obj   14      0         0      
       copy_zero_init.c.obj         12      0         0      
       errno.c.obj                  8       0         4      
       s_copysign.c.obj             12      0         0      
       _lock.c.obj                  2       0         8      
       exit.c.obj                   4       0         0      
       pre_init.c.obj               4       0         0      
       div0.asm.obj                 2       0         0      
    +--+----------------------------+-------+---------+---------+
       Total:                       8541    257       20     
                                                             
       Heap:                        0       0         32768  
       Stack:                       0       0         4096   
       Linker Generated:            0       243       0      
    +--+----------------------------+-------+---------+---------+
       Grand Total:                 25301   1548      40505  


LINKER GENERATED COPY TABLES

__TI_cinit_table @ 20013418 records: 2, size/record: 8, table size: 16
	.data: load addr=20013330, load size=000000cf bytes, run addr=20012320, run size=00000698 bytes, compression=lzss
	.bss: load addr=20013410, load size=00000008 bytes, run addr=20012e98, run size=00000498 bytes, compression=zero_init


LINKER GENERATED HANDLER TABLE

__TI_handler_table @ 20013400 records: 3, size/record: 4, table size: 12
	index: 0, handler: __TI_decompress_lzss
	index: 1, handler: __TI_decompress_none
	index: 2, handler: __TI_zero_init


GLOBAL SYMBOLS: SORTED ALPHABETICALLY BY Name 

address   name                             
-------   ----                             
20011fbf  Board_init                       
2000ca8f  Board_initHook                   
2001231b  C$$EXIT                          
20012e76  CONFIG_GPIO_BUTTON_0_CONST       
20012e77  CONFIG_GPIO_BUTTON_1_CONST       
20012e78  CONFIG_GPIO_LED_0_CONST          
20012e79  CONFIG_I2C_0_CONST               
20012e7b  CONFIG_TIMER_0_CONST             
20012e7d  CONFIG_UART_0_CONST              
20011fd3  CPUcpsid                         
200122a9  ClockP_Params_init               
200120f5  ClockP_add                       
20011289  ClockP_construct                 
20011d99  ClockP_create                    
20013308  ClockP_ctrl                      
20012105  ClockP_delete                    
20011489  ClockP_destruct                  
20010b31  ClockP_doTick                    
20012115  ClockP_getCpuFreq                
20012125  ClockP_getSystemTicks            
2001176d  ClockP_getTicksUntilInterrupt    
200122b3  ClockP_isActive                  
20012135  ClockP_setTicks                  
2001230b  ClockP_setTimeout                
200118d9  ClockP_start                     
200117a1  ClockP_startup                   
20011069  ClockP_stop                      
20010b31  ClockP_sysTickHandler            
200129a8  ClockP_tickPeriod                
20010d9d  FlashDisable                     
20012df4  GPIO_config                      
20010de5  GPIO_disableInt                  
20010e2d  GPIO_enableInt                   
20010715  GPIO_hwiIntFxn                   
2000fab5  GPIO_init                        
20012e74  GPIO_pinLowerBound               
20012e75  GPIO_pinUpperBound               
20011de9  GPIO_setCallback                 
2000da95  GPIO_setConfig                   
200105e9  GPIO_setInterruptConfig          
2000ff85  GPIO_write                       
20012089  HwiP_Params_init                 
200121e5  HwiP_clearInterrupt              
2000fbd5  HwiP_construct                   
200119c5  HwiP_create                      
20012145  HwiP_delete                      
20011c2f  HwiP_destruct                    
200121f3  HwiP_disable                     
20012201  HwiP_disableInterrupt            
20011b7d  HwiP_dispatch                    
2001220f  HwiP_enable                      
2001221d  HwiP_enableInterrupt             
20011fe9  HwiP_inISR                       
200129a0  HwiP_key                         
2001230f  HwiP_post                        
20012155  HwiP_restore                     
200129a4  HwiP_swiPIntNum                  
20011ae5  I2CFIFODataGetNonBlocking        
20011a43  I2CFIFODataPutNonBlocking        
20012165  I2CFIFOStatus                    
20011f51  I2CMasterBurstLengthSet          
20011e01  I2CMasterBusBusy                 
2001209b  I2CMasterIntClearEx              
20011e19  I2CMasterIntDisableEx            
20011e31  I2CMasterIntEnableEx             
20011cb1  I2CMasterIntStatusEx             
20011c0d  I2CMasterSlaveAddrSet            
20011e49  I2CRxFIFOFlush                   
20011ffd  I2CSupport_masterFinish          
200122f9  I2CSupport_powerRelConstraint    
200122ff  I2CSupport_powerSetConstraint    
200104af  I2CSupport_primeTransfer         
20011e61  I2CTxFIFOFlush                   
20012175  I2C_Params_init                  
20011b0b  I2C_cancel                       
20012e80  I2C_config                       
20012e7a  I2C_count                        
20012e04  I2C_defaultParams                
2000d8f7  I2C_init                         
2000e905  I2C_open                         
20012011  I2C_transfer                     
2000e4a3  I2C_transferTimeout              
UNDEFED   ITM_flush                        
UNDEFED   ITM_restore                      
2000f5b1  IntEnable                        
200122bd  IntMasterDisable                 
2000fc61  IntPendSet                       
20012025  IntVTableBaseSet                 
2001291a  L_Button_Flag                    
20011b31  List_put                         
20011b57  List_remove                      
2001220f  NoRTOS_start                     
2000ca91  PRCMCC3200MCUInit                
20011f67  PRCMHIBRegRead                   
20011f7d  PRCMHIBRegWrite                  
20010e75  PRCMLPDSEnter                    
20011579  PRCMLPDSEnterKeepDebugIf         
200110ad  PRCMLPDSRestoreInfoSet           
20011a6d  PRCMPeripheralClkDisable         
20010ebd  PRCMPeripheralClkEnable          
2001088d  PRCMPeripheralReset              
20010775  PRCMSysResetCauseGet             
2000fce9  PinConfigSet                     
200117d5  PinModeGet                       
200112c9  PinModeSet                       
20011d29  PinToPadGet                      
20012c64  PowerCC32XX_config               
2000f659  PowerCC32XX_configureWakeup      
20012e98  PowerCC32XX_contextSave          
200110f1  PowerCC32XX_enterLPDS            
20011999  PowerCC32XX_getParkState         
2000ebef  PowerCC32XX_initPolicy           
2001262c  PowerCC32XX_module               
20010c6d  PowerCC32XX_parkPin              
20011ba1  PowerCC32XX_reset                
20011809  PowerCC32XX_restoreParkState     
20011909  PowerCC32XX_restoreParkedPin     
20010a3b  PowerCC32XX_resumeLPDS           
2001064d  PowerCC32XX_setParkState         
2000d8f9  PowerCC32XX_sleepPolicy          
20012039  Power_disablePolicy              
20012185  Power_enablePolicy               
20012261  Power_getConstraintMask          
2001204d  Power_getDependencyCount         
20011e79  Power_getTransitionLatency       
20011e91  Power_idleFunc                   
2000fe7d  Power_init                       
20011a95  Power_registerNotify             
20010f05  Power_releaseConstraint          
200108e5  Power_releaseDependency          
200114c5  Power_setConstraint              
20010005  Power_setDependency              
2000e0fd  Power_sleep                      
20011c51  Power_unregisterNotify           
20012918  R_Button_Flag                    
200120ad  RingBuf_construct                
20011309  RingBuf_get                      
20012239  RingBuf_isFull                   
20011c71  RingBuf_peek                     
20010fdd  RingBuf_put                      
20012195  SemaphoreP_Params_init           
20010b81  SemaphoreP_construct             
20011ccf  SemaphoreP_constructBinary       
20011f93  SemaphoreP_create                
20011db3  SemaphoreP_createBinary          
20012998  SemaphoreP_defaultParams         
20012313  SemaphoreP_delete                
2000ef5b  SemaphoreP_destruct              
2000f845  SemaphoreP_pend                  
20011135  SemaphoreP_post                  
20011d45  SwiP_disable                     
20011179  SwiP_restore                     
20010bd1  TimerCC32XX_allocateTimerResource
2001183d  TimerCC32XX_freeTimerResource    
200116c9  TimerControlStall                
20011ced  TimerDisable                     
20011d0b  TimerEnable                      
200129b7  TimerFlag                        
200120bf  TimerIntClear                    
20011ea9  TimerIntDisable                  
20011ec1  TimerIntEnable                   
200119ef  TimerLoadSet                     
20011a19  TimerPrescaleSet                 
20011bc5  TimerSupport_timerDisable        
20011349  TimerSupport_timerEnable         
200121a5  Timer_Params_init                
20011389  Timer_close                      
20012e88  Timer_config                     
20012e7c  Timer_count                      
2000f0d7  Timer_init                       
2000e235  Timer_open                       
200111bd  Timer_start                      
200116ff  Timer_stop                       
20011ed9  UARTBusy                         
2000e5c5  UARTCC32XX_close                 
2000eafd  UARTCC32XX_control               
20012ca8  UARTCC32XX_fxnTable              
2000fab3  UARTCC32XX_init                  
2000cebd  UARTCC32XX_open                  
200113c9  UARTCC32XX_read                  
20011735  UARTCC32XX_readCancel            
2000f01d  UARTCC32XX_readPolling           
2000ee91  UARTCC32XX_write                 
20010581  UARTCC32XX_writeCancel           
200106b1  UARTCC32XX_writePolling          
20011ef1  UARTIntEnable                    
20011f09  UART_Params_init                 
20012e50  UART_config                      
20012e7e  UART_count                       
20012cf8  UART_defaultParams               
20011201  UART_init                        
20011409  UART_open                        
200122c7  UART_write                       
20012305  UtilsDelay                       
20004000  __STACK_END                      
00001000  __STACK_SIZE                     
00008000  __SYSMEM_SIZE                    
20013418  __TI_CINIT_Base                  
20013428  __TI_CINIT_Limit                 
20013400  __TI_Handler_Table_Base          
2001340c  __TI_Handler_Table_Limit         
20011245  __TI_auto_init_nobinit_nopinit   
20010519  __TI_decompress_lzss             
20012247  __TI_decompress_none             
20010993  __TI_ltoa                        
ffffffff  __TI_pprof_out_hndl              
2000c041  __TI_printfi                     
ffffffff  __TI_prof_data_size              
ffffffff  __TI_prof_data_start             
20013330  __TI_static_base__               
20012279  __TI_zero_init                   
2000fd71  __aeabi_cdcmpeq                  
2000fd71  __aeabi_cdcmple                  
2000fdf7  __aeabi_cdrcmple                 
20010f95  __aeabi_d2iz                     
2000d74b  __aeabi_dadd                     
2000e36d  __aeabi_ddiv                     
2000ea01  __aeabi_dmul                     
2000d741  __aeabi_dsub                     
200122d9  __aeabi_errno_addr               
20011659  __aeabi_f2iz                     
2001017b  __aeabi_fmul                     
20011969  __aeabi_i2d                      
20011691  __aeabi_i2f                      
20011997  __aeabi_idiv0                    
20011997  __aeabi_ldiv0                    
20011f39  __aeabi_lmul                     
200101f5  __aeabi_memclr                   
200101f5  __aeabi_memclr4                  
200101f5  __aeabi_memclr8                  
2000f981  __aeabi_memcpy                   
2000f981  __aeabi_memcpy4                  
2000f981  __aeabi_memcpy8                  
200101f7  __aeabi_memset                   
200101f7  __aeabi_memset4                  
200101f7  __aeabi_memset8                  
2000fa1d  __aeabi_uldivmod                 
ffffffff  __binit__                        
ffffffff  __c_args__                       
UNDEFED   __mpu_init                       
20003000  __stack                          
20004000  __start___llvm_prf_cnts          
20004000  __stop___llvm_prf_cnts           
20011be9  _c_int00_noargs                  
200129b8  _ctypes_                         
20012988  _lock                            
2001035b  _nop                             
20004040  _sys_memory                      
UNDEFED   _system_post_cinit               
20012317  _system_pre_init                 
2001298c  _unlock                          
2001231b  abort                            
2000e805  aligned_alloc                    
20010cb9  atoi                             
ffffffff  binit                            
20010713  clkFxn                           
2001226d  copysign                         
2001226d  copysignl                        
200129b0  errno                            
2000ecdd  free                             
200107d5  frexp                            
200107d5  frexpl                           
200121b5  gpioButtonFxn0                   
200121c5  gpioButtonFxn1                   
200130c0  gpioCallbackFunctions            
20012890  gpioPinConfigs                   
20013144  gpioUserArgs                     
20012920  i2c                              
20012dcc  i2cCC32XXHWAttrs                 
20012fc4  i2cCC32XXObjects                 
20012928  i2cTransaction                   
2000d579  initI2C                          
20010f4d  initTimer                        
20011501  initUART                         
200115e9  initVectors                      
2000edc1  ldexp                            
2000edc1  ldexpl                           
200120d1  main                             
2000dd31  mainThread                       
200122e1  malloc                           
2000e805  memalign                         
20011d7d  memccpy                          
2000f981  memcpy                           
200101fd  memset                           
20012948  output                           
20012798  parkInfo                         
2000ebf1  readTemp                         
20011dcd  resetISR                         
20011de0  resetVectorAddr                  
20004000  resetVectors                     
20012915  rxBuffer                         
2000edc1  scalbn                           
2000edc1  scalbnl                          
20010d51  snprintf                         
20011fa9  strchr                           
20012075  strlen                           
20012924  timer0                           
20012e34  timerCC32XXHWAttrs               
200131c8  timerCC32XXObjects               
2001229d  timerCallback                    
20012914  txBuffer                         
2001291c  uart                             
2001324c  uartCC32XXObjects0               
200120e3  wcslen                           


GLOBAL SYMBOLS: SORTED BY Symbol Address 

address   name                             
-------   ----                             
00001000  __STACK_SIZE                     
00008000  __SYSMEM_SIZE                    
20003000  __stack                          
20004000  __STACK_END                      
20004000  __start___llvm_prf_cnts          
20004000  __stop___llvm_prf_cnts           
20004000  resetVectors                     
20004040  _sys_memory                      
2000c041  __TI_printfi                     
2000ca8f  Board_initHook                   
2000ca91  PRCMCC3200MCUInit                
2000cebd  UARTCC32XX_open                  
2000d579  initI2C                          
2000d741  __aeabi_dsub                     
2000d74b  __aeabi_dadd                     
2000d8f7  I2C_init                         
2000d8f9  PowerCC32XX_sleepPolicy          
2000da95  GPIO_setConfig                   
2000dd31  mainThread                       
2000e0fd  Power_sleep                      
2000e235  Timer_open                       
2000e36d  __aeabi_ddiv                     
2000e4a3  I2C_transferTimeout              
2000e5c5  UARTCC32XX_close                 
2000e805  aligned_alloc                    
2000e805  memalign                         
2000e905  I2C_open                         
2000ea01  __aeabi_dmul                     
2000eafd  UARTCC32XX_control               
2000ebef  PowerCC32XX_initPolicy           
2000ebf1  readTemp                         
2000ecdd  free                             
2000edc1  ldexp                            
2000edc1  ldexpl                           
2000edc1  scalbn                           
2000edc1  scalbnl                          
2000ee91  UARTCC32XX_write                 
2000ef5b  SemaphoreP_destruct              
2000f01d  UARTCC32XX_readPolling           
2000f0d7  Timer_init                       
2000f5b1  IntEnable                        
2000f659  PowerCC32XX_configureWakeup      
2000f845  SemaphoreP_pend                  
2000f981  __aeabi_memcpy                   
2000f981  __aeabi_memcpy4                  
2000f981  __aeabi_memcpy8                  
2000f981  memcpy                           
2000fa1d  __aeabi_uldivmod                 
2000fab3  UARTCC32XX_init                  
2000fab5  GPIO_init                        
2000fbd5  HwiP_construct                   
2000fc61  IntPendSet                       
2000fce9  PinConfigSet                     
2000fd71  __aeabi_cdcmpeq                  
2000fd71  __aeabi_cdcmple                  
2000fdf7  __aeabi_cdrcmple                 
2000fe7d  Power_init                       
2000ff85  GPIO_write                       
20010005  Power_setDependency              
2001017b  __aeabi_fmul                     
200101f5  __aeabi_memclr                   
200101f5  __aeabi_memclr4                  
200101f5  __aeabi_memclr8                  
200101f7  __aeabi_memset                   
200101f7  __aeabi_memset4                  
200101f7  __aeabi_memset8                  
200101fd  memset                           
2001035b  _nop                             
200104af  I2CSupport_primeTransfer         
20010519  __TI_decompress_lzss             
20010581  UARTCC32XX_writeCancel           
200105e9  GPIO_setInterruptConfig          
2001064d  PowerCC32XX_setParkState         
200106b1  UARTCC32XX_writePolling          
20010713  clkFxn                           
20010715  GPIO_hwiIntFxn                   
20010775  PRCMSysResetCauseGet             
200107d5  frexp                            
200107d5  frexpl                           
2001088d  PRCMPeripheralReset              
200108e5  Power_releaseDependency          
20010993  __TI_ltoa                        
20010a3b  PowerCC32XX_resumeLPDS           
20010b31  ClockP_doTick                    
20010b31  ClockP_sysTickHandler            
20010b81  SemaphoreP_construct             
20010bd1  TimerCC32XX_allocateTimerResource
20010c6d  PowerCC32XX_parkPin              
20010cb9  atoi                             
20010d51  snprintf                         
20010d9d  FlashDisable                     
20010de5  GPIO_disableInt                  
20010e2d  GPIO_enableInt                   
20010e75  PRCMLPDSEnter                    
20010ebd  PRCMPeripheralClkEnable          
20010f05  Power_releaseConstraint          
20010f4d  initTimer                        
20010f95  __aeabi_d2iz                     
20010fdd  RingBuf_put                      
20011069  ClockP_stop                      
200110ad  PRCMLPDSRestoreInfoSet           
200110f1  PowerCC32XX_enterLPDS            
20011135  SemaphoreP_post                  
20011179  SwiP_restore                     
200111bd  Timer_start                      
20011201  UART_init                        
20011245  __TI_auto_init_nobinit_nopinit   
20011289  ClockP_construct                 
200112c9  PinModeSet                       
20011309  RingBuf_get                      
20011349  TimerSupport_timerEnable         
20011389  Timer_close                      
200113c9  UARTCC32XX_read                  
20011409  UART_open                        
20011489  ClockP_destruct                  
200114c5  Power_setConstraint              
20011501  initUART                         
20011579  PRCMLPDSEnterKeepDebugIf         
200115e9  initVectors                      
20011659  __aeabi_f2iz                     
20011691  __aeabi_i2f                      
200116c9  TimerControlStall                
200116ff  Timer_stop                       
20011735  UARTCC32XX_readCancel            
2001176d  ClockP_getTicksUntilInterrupt    
200117a1  ClockP_startup                   
200117d5  PinModeGet                       
20011809  PowerCC32XX_restoreParkState     
2001183d  TimerCC32XX_freeTimerResource    
200118d9  ClockP_start                     
20011909  PowerCC32XX_restoreParkedPin     
20011969  __aeabi_i2d                      
20011997  __aeabi_idiv0                    
20011997  __aeabi_ldiv0                    
20011999  PowerCC32XX_getParkState         
200119c5  HwiP_create                      
200119ef  TimerLoadSet                     
20011a19  TimerPrescaleSet                 
20011a43  I2CFIFODataPutNonBlocking        
20011a6d  PRCMPeripheralClkDisable         
20011a95  Power_registerNotify             
20011ae5  I2CFIFODataGetNonBlocking        
20011b0b  I2C_cancel                       
20011b31  List_put                         
20011b57  List_remove                      
20011b7d  HwiP_dispatch                    
20011ba1  PowerCC32XX_reset                
20011bc5  TimerSupport_timerDisable        
20011be9  _c_int00_noargs                  
20011c0d  I2CMasterSlaveAddrSet            
20011c2f  HwiP_destruct                    
20011c51  Power_unregisterNotify           
20011c71  RingBuf_peek                     
20011cb1  I2CMasterIntStatusEx             
20011ccf  SemaphoreP_constructBinary       
20011ced  TimerDisable                     
20011d0b  TimerEnable                      
20011d29  PinToPadGet                      
20011d45  SwiP_disable                     
20011d7d  memccpy                          
20011d99  ClockP_create                    
20011db3  SemaphoreP_createBinary          
20011dcd  resetISR                         
20011de0  resetVectorAddr                  
20011de9  GPIO_setCallback                 
20011e01  I2CMasterBusBusy                 
20011e19  I2CMasterIntDisableEx            
20011e31  I2CMasterIntEnableEx             
20011e49  I2CRxFIFOFlush                   
20011e61  I2CTxFIFOFlush                   
20011e79  Power_getTransitionLatency       
20011e91  Power_idleFunc                   
20011ea9  TimerIntDisable                  
20011ec1  TimerIntEnable                   
20011ed9  UARTBusy                         
20011ef1  UARTIntEnable                    
20011f09  UART_Params_init                 
20011f39  __aeabi_lmul                     
20011f51  I2CMasterBurstLengthSet          
20011f67  PRCMHIBRegRead                   
20011f7d  PRCMHIBRegWrite                  
20011f93  SemaphoreP_create                
20011fa9  strchr                           
20011fbf  Board_init                       
20011fd3  CPUcpsid                         
20011fe9  HwiP_inISR                       
20011ffd  I2CSupport_masterFinish          
20012011  I2C_transfer                     
20012025  IntVTableBaseSet                 
20012039  Power_disablePolicy              
2001204d  Power_getDependencyCount         
20012075  strlen                           
20012089  HwiP_Params_init                 
2001209b  I2CMasterIntClearEx              
200120ad  RingBuf_construct                
200120bf  TimerIntClear                    
200120d1  main                             
200120e3  wcslen                           
200120f5  ClockP_add                       
20012105  ClockP_delete                    
20012115  ClockP_getCpuFreq                
20012125  ClockP_getSystemTicks            
20012135  ClockP_setTicks                  
20012145  HwiP_delete                      
20012155  HwiP_restore                     
20012165  I2CFIFOStatus                    
20012175  I2C_Params_init                  
20012185  Power_enablePolicy               
20012195  SemaphoreP_Params_init           
200121a5  Timer_Params_init                
200121b5  gpioButtonFxn0                   
200121c5  gpioButtonFxn1                   
200121e5  HwiP_clearInterrupt              
200121f3  HwiP_disable                     
20012201  HwiP_disableInterrupt            
2001220f  HwiP_enable                      
2001220f  NoRTOS_start                     
2001221d  HwiP_enableInterrupt             
20012239  RingBuf_isFull                   
20012247  __TI_decompress_none             
20012261  Power_getConstraintMask          
2001226d  copysign                         
2001226d  copysignl                        
20012279  __TI_zero_init                   
2001229d  timerCallback                    
200122a9  ClockP_Params_init               
200122b3  ClockP_isActive                  
200122bd  IntMasterDisable                 
200122c7  UART_write                       
200122d9  __aeabi_errno_addr               
200122e1  malloc                           
200122f9  I2CSupport_powerRelConstraint    
200122ff  I2CSupport_powerSetConstraint    
20012305  UtilsDelay                       
2001230b  ClockP_setTimeout                
2001230f  HwiP_post                        
20012313  SemaphoreP_delete                
20012317  _system_pre_init                 
2001231b  C$$EXIT                          
2001231b  abort                            
2001262c  PowerCC32XX_module               
20012798  parkInfo                         
20012890  gpioPinConfigs                   
20012914  txBuffer                         
20012915  rxBuffer                         
20012918  R_Button_Flag                    
2001291a  L_Button_Flag                    
2001291c  uart                             
20012920  i2c                              
20012924  timer0                           
20012928  i2cTransaction                   
20012948  output                           
20012988  _lock                            
2001298c  _unlock                          
20012998  SemaphoreP_defaultParams         
200129a0  HwiP_key                         
200129a4  HwiP_swiPIntNum                  
200129a8  ClockP_tickPeriod                
200129b0  errno                            
200129b7  TimerFlag                        
200129b8  _ctypes_                         
20012c64  PowerCC32XX_config               
20012ca8  UARTCC32XX_fxnTable              
20012cf8  UART_defaultParams               
20012dcc  i2cCC32XXHWAttrs                 
20012df4  GPIO_config                      
20012e04  I2C_defaultParams                
20012e34  timerCC32XXHWAttrs               
20012e50  UART_config                      
20012e74  GPIO_pinLowerBound               
20012e75  GPIO_pinUpperBound               
20012e76  CONFIG_GPIO_BUTTON_0_CONST       
20012e77  CONFIG_GPIO_BUTTON_1_CONST       
20012e78  CONFIG_GPIO_LED_0_CONST          
20012e79  CONFIG_I2C_0_CONST               
20012e7a  I2C_count                        
20012e7b  CONFIG_TIMER_0_CONST             
20012e7c  Timer_count                      
20012e7d  CONFIG_UART_0_CONST              
20012e7e  UART_count                       
20012e80  I2C_config                       
20012e88  Timer_config                     
20012e98  PowerCC32XX_contextSave          
20012fc4  i2cCC32XXObjects                 
200130c0  gpioCallbackFunctions            
20013144  gpioUserArgs                     
200131c8  timerCC32XXObjects               
2001324c  uartCC32XXObjects0               
20013308  ClockP_ctrl                      
20013330  __TI_static_base__               
20013400  __TI_Handler_Table_Base          
2001340c  __TI_Handler_Table_Limit         
20013418  __TI_CINIT_Base                  
20013428  __TI_CINIT_Limit                 
ffffffff  __TI_pprof_out_hndl              
ffffffff  __TI_prof_data_size              
ffffffff  __TI_prof_data_start             
ffffffff  __binit__                        
ffffffff  __c_args__                       
ffffffff  binit                            
UNDEFED   ITM_flush                        
UNDEFED   ITM_restore                      
UNDEFED   __mpu_init                       
UNDEFED   _system_post_cinit               

[304 symbols]
